Component: ARM Compiler 5.06 update 7 (build 960) Tool: armlink [4d3601]

==============================================================================

Section Cross References

    startup_stm32f40_41xxx.o(STACK) refers (Special) to heapauxi.o(.text) for __use_two_region_memory
    startup_stm32f40_41xxx.o(HEAP) refers (Special) to heapauxi.o(.text) for __use_two_region_memory
    startup_stm32f40_41xxx.o(RESET) refers (Special) to heapauxi.o(.text) for __use_two_region_memory
    startup_stm32f40_41xxx.o(RESET) refers to startup_stm32f40_41xxx.o(STACK) for __initial_sp
    startup_stm32f40_41xxx.o(RESET) refers to startup_stm32f40_41xxx.o(.text) for Reset_Handler
    startup_stm32f40_41xxx.o(RESET) refers to stm32f4xx_it.o(i.NMI_Handler) for NMI_Handler
    startup_stm32f40_41xxx.o(RESET) refers to stm32f4xx_it.o(i.HardFault_Handler) for HardFault_Handler
    startup_stm32f40_41xxx.o(RESET) refers to stm32f4xx_it.o(i.MemManage_Handler) for MemManage_Handler
    startup_stm32f40_41xxx.o(RESET) refers to stm32f4xx_it.o(i.BusFault_Handler) for BusFault_Handler
    startup_stm32f40_41xxx.o(RESET) refers to stm32f4xx_it.o(i.UsageFault_Handler) for UsageFault_Handler
    startup_stm32f40_41xxx.o(RESET) refers to stm32f4xx_it.o(i.SVC_Handler) for SVC_Handler
    startup_stm32f40_41xxx.o(RESET) refers to stm32f4xx_it.o(i.DebugMon_Handler) for DebugMon_Handler
    startup_stm32f40_41xxx.o(RESET) refers to stm32f4xx_it.o(i.PendSV_Handler) for PendSV_Handler
    startup_stm32f40_41xxx.o(RESET) refers to stm32f4xx_it.o(i.SysTick_Handler) for SysTick_Handler
    startup_stm32f40_41xxx.o(RESET) refers to usart.o(i.USART1_IRQHandler) for USART1_IRQHandler
    startup_stm32f40_41xxx.o(.text) refers (Special) to heapauxi.o(.text) for __use_two_region_memory
    startup_stm32f40_41xxx.o(.text) refers to system_stm32f4xx.o(i.SystemInit) for SystemInit
    startup_stm32f40_41xxx.o(.text) refers to __main.o(!!!main) for __main
    startup_stm32f40_41xxx.o(.text) refers to startup_stm32f40_41xxx.o(HEAP) for Heap_Mem
    startup_stm32f40_41xxx.o(.text) refers to startup_stm32f40_41xxx.o(STACK) for Stack_Mem
    system_stm32f4xx.o(i.SystemCoreClockUpdate) refers to system_stm32f4xx.o(.data) for SystemCoreClock
    system_stm32f4xx.o(i.SystemInit) refers to system_stm32f4xx.o(i.SetSysClock) for SetSysClock
    stm32f4xx_adc.o(i.ADC_DeInit) refers to stm32f4xx_rcc.o(i.RCC_APB2PeriphResetCmd) for RCC_APB2PeriphResetCmd
    stm32f4xx_can.o(i.CAN_DeInit) refers to stm32f4xx_rcc.o(i.RCC_APB1PeriphResetCmd) for RCC_APB1PeriphResetCmd
    stm32f4xx_can.o(i.CAN_GetITStatus) refers to stm32f4xx_can.o(i.CheckITStatus) for CheckITStatus
    stm32f4xx_cryp.o(i.CRYP_DeInit) refers to stm32f4xx_rcc.o(i.RCC_AHB2PeriphResetCmd) for RCC_AHB2PeriphResetCmd
    stm32f4xx_cryp_aes.o(i.CRYP_AES_CBC) refers to stm32f4xx_cryp.o(i.CRYP_KeyStructInit) for CRYP_KeyStructInit
    stm32f4xx_cryp_aes.o(i.CRYP_AES_CBC) refers to stm32f4xx_cryp.o(i.CRYP_FIFOFlush) for CRYP_FIFOFlush
    stm32f4xx_cryp_aes.o(i.CRYP_AES_CBC) refers to stm32f4xx_cryp.o(i.CRYP_Init) for CRYP_Init
    stm32f4xx_cryp_aes.o(i.CRYP_AES_CBC) refers to stm32f4xx_cryp.o(i.CRYP_KeyInit) for CRYP_KeyInit
    stm32f4xx_cryp_aes.o(i.CRYP_AES_CBC) refers to stm32f4xx_cryp.o(i.CRYP_Cmd) for CRYP_Cmd
    stm32f4xx_cryp_aes.o(i.CRYP_AES_CBC) refers to stm32f4xx_cryp.o(i.CRYP_GetFlagStatus) for CRYP_GetFlagStatus
    stm32f4xx_cryp_aes.o(i.CRYP_AES_CBC) refers to stm32f4xx_cryp.o(i.CRYP_IVInit) for CRYP_IVInit
    stm32f4xx_cryp_aes.o(i.CRYP_AES_CBC) refers to stm32f4xx_cryp.o(i.CRYP_GetCmdStatus) for CRYP_GetCmdStatus
    stm32f4xx_cryp_aes.o(i.CRYP_AES_CBC) refers to stm32f4xx_cryp.o(i.CRYP_DataIn) for CRYP_DataIn
    stm32f4xx_cryp_aes.o(i.CRYP_AES_CBC) refers to stm32f4xx_cryp.o(i.CRYP_DataOut) for CRYP_DataOut
    stm32f4xx_cryp_aes.o(i.CRYP_AES_CCM) refers to stm32f4xx_cryp.o(i.CRYP_KeyStructInit) for CRYP_KeyStructInit
    stm32f4xx_cryp_aes.o(i.CRYP_AES_CCM) refers to stm32f4xx_cryp.o(i.CRYP_FIFOFlush) for CRYP_FIFOFlush
    stm32f4xx_cryp_aes.o(i.CRYP_AES_CCM) refers to stm32f4xx_cryp.o(i.CRYP_KeyInit) for CRYP_KeyInit
    stm32f4xx_cryp_aes.o(i.CRYP_AES_CCM) refers to stm32f4xx_cryp.o(i.CRYP_IVInit) for CRYP_IVInit
    stm32f4xx_cryp_aes.o(i.CRYP_AES_CCM) refers to stm32f4xx_cryp.o(i.CRYP_Init) for CRYP_Init
    stm32f4xx_cryp_aes.o(i.CRYP_AES_CCM) refers to stm32f4xx_cryp.o(i.CRYP_PhaseConfig) for CRYP_PhaseConfig
    stm32f4xx_cryp_aes.o(i.CRYP_AES_CCM) refers to stm32f4xx_cryp.o(i.CRYP_DataIn) for CRYP_DataIn
    stm32f4xx_cryp_aes.o(i.CRYP_AES_CCM) refers to stm32f4xx_cryp.o(i.CRYP_Cmd) for CRYP_Cmd
    stm32f4xx_cryp_aes.o(i.CRYP_AES_CCM) refers to stm32f4xx_cryp.o(i.CRYP_GetCmdStatus) for CRYP_GetCmdStatus
    stm32f4xx_cryp_aes.o(i.CRYP_AES_CCM) refers to stm32f4xx_cryp.o(i.CRYP_GetFlagStatus) for CRYP_GetFlagStatus
    stm32f4xx_cryp_aes.o(i.CRYP_AES_CCM) refers to stm32f4xx_cryp.o(i.CRYP_DataOut) for CRYP_DataOut
[...]
    __rt_lib_shutdown_heap_1                 0x08000279   Thumb Code     0  libshutdown2.o(.ARM.Collect$$libshutdown$$00000011)
    __rt_lib_shutdown_return                 0x08000279   Thumb Code     0  libshutdown2.o(.ARM.Collect$$libshutdown$$00000012)
    __rt_lib_shutdown_signal_1               0x08000279   Thumb Code     0  libshutdown2.o(.ARM.Collect$$libshutdown$$0000000C)
    __rt_lib_shutdown_stdio_1                0x08000279   Thumb Code     0  libshutdown2.o(.ARM.Collect$$libshutdown$$00000006)
    __rt_lib_shutdown_user_alloc_1           0x08000279   Thumb Code     0  libshutdown2.o(.ARM.Collect$$libshutdown$$0000000E)
    __rt_entry                               0x0800027b   Thumb Code     0  __rtentry.o(.ARM.Collect$$rtentry$$00000000)
    __rt_entry_presh_1                       0x0800027b   Thumb Code     0  __rtentry2.o(.ARM.Collect$$rtentry$$00000002)
    __rt_entry_sh                            0x0800027b   Thumb Code     0  __rtentry4.o(.ARM.Collect$$rtentry$$00000004)
    __rt_entry_li                            0x08000281   Thumb Code     0  __rtentry2.o(.ARM.Collect$$rtentry$$0000000A)
    __rt_entry_postsh_1                      0x08000281   Thumb Code     0  __rtentry2.o(.ARM.Collect$$rtentry$$00000009)
    __rt_entry_main                          0x08000285   Thumb Code     0  __rtentry2.o(.ARM.Collect$$rtentry$$0000000D)
    __rt_entry_postli_1                      0x08000285   Thumb Code     0  __rtentry2.o(.ARM.Collect$$rtentry$$0000000C)
    __rt_exit                                0x0800028d   Thumb Code     0  rtexit.o(.ARM.Collect$$rtexit$$00000000)
    __rt_exit_ls                             0x0800028f   Thumb Code     0  rtexit2.o(.ARM.Collect$$rtexit$$00000003)
    __rt_exit_prels_1                        0x0800028f   Thumb Code     0  rtexit2.o(.ARM.Collect$$rtexit$$00000002)
    __rt_exit_exit                           0x08000293   Thumb Code     0  rtexit2.o(.ARM.Collect$$rtexit$$00000004)
    Reset_Handler                            0x08000299   Thumb Code     8  startup_stm32f40_41xxx.o(.text)
    ADC_IRQHandler                           0x080002b3   Thumb Code     0  startup_stm32f40_41xxx.o(.text)
    CAN1_RX0_IRQHandler                      0x080002b3   Thumb Code     0  startup_stm32f40_41xxx.o(.text)
    CAN1_RX1_IRQHandler                      0x080002b3   Thumb Code     0  startup_stm32f40_41xxx.o(.text)
    CAN1_SCE_IRQHandler                      0x080002b3   Thumb Code     0  startup_stm32f40_41xxx.o(.text)
    CAN1_TX_IRQHandler                       0x080002b3   Thumb Code     0  startup_stm32f40_41xxx.o(.text)
    CAN2_RX0_IRQHandler                      0x080002b3   Thumb Code     0  startup_stm32f40_41xxx.o(.text)
    CAN2_RX1_IRQHandler                      0x080002b3   Thumb Code     0  startup_stm32f40_41xxx.o(.text)
    CAN2_SCE_IRQHandler                      0x080002b3   Thumb Code     0  startup_stm32f40_41xxx.o(.text)
    CAN2_TX_IRQHandler                       0x080002b3   Thumb Code     0  startup_stm32f40_41xxx.o(.text)
    CRYP_IRQHandler                          0x080002b3   Thumb Code     0  startup_stm32f40_41xxx.o(.text)
    DCMI_IRQHandler                          0x080002b3   Thumb Code     0  startup_stm32f40_41xxx.o(.text)
    DMA1_Stream0_IRQHandler                  0x080002b3   Thumb Code     0  startup_stm32f40_41xxx.o(.text)
    DMA1_Stream1_IRQHandler                  0x080002b3   Thumb Code     0  startup_stm32f40_41xxx.o(.text)
    DMA1_Stream2_IRQHandler                  0x080002b3   Thumb Code     0  startup_stm32f40_41xxx.o(.text)
    DMA1_Stream3_IRQHandler                  0x080002b3   Thumb Code     0  startup_stm32f40_41xxx.o(.text)
    DMA1_Stream4_IRQHandler                  0x080002b3   Thumb Code     0  startup_stm32f40_41xxx.o(.text)
    DMA1_Stream5_IRQHandler                  0x080002b3   Thumb Code     0  startup_stm32f40_41xxx.o(.text)
    DMA1_Stream6_IRQHandler                  0x080002b3   Thumb Code     0  startup_stm32f40_41xxx.o(.text)
    DMA1_Stream7_IRQHandler                  0x080002b3   Thumb Code     0  startup_stm32f40_41xxx.o(.text)
    DMA2_Stream0_IRQHandler                  0x080002b3   Thumb Code     0  startup_stm32f40_41xxx.o(.text)
    DMA2_Stream1_IRQHandler                  0x080002b3   Thumb Code     0  startup_stm32f40_41xxx.o(.text)
    DMA2_Stream2_IRQHandler                  0x080002b3   Thumb Code     0  startup_stm32f40_41xxx.o(.text)
    DMA2_Stream3_IRQHandler                  0x080002b3   Thumb Code     0  startup_stm32f40_41xxx.o(.text)
    DMA2_Stream4_IRQHandler                  0x080002b3   Thumb Code     0  startup_stm32f40_41xxx.o(.text)
    DMA2_Stream5_IRQHandler                  0x080002b3   Thumb Code     0  startup_stm32f40_41xxx.o(.text)
    DMA2_Stream6_IRQHandler                  0x080002b3   Thumb Code     0  startup_stm32f40_41xxx.o(.text)
    DMA2_Stream7_IRQHandler                  0x080002b3   Thumb Code     0  startup_stm32f40_41xxx.o(.text)
    ETH_IRQHandler                           0x080002b3   Thumb Code     0  startup_stm32f40_41xxx.o(.text)
    ETH_WKUP_IRQHandler                      0x080002b3   Thumb Code     0  startup_stm32f40_41xxx.o(.text)
    EXTI0_IRQHandler                         0x080002b3   Thumb Code     0  startup_stm32f40_41xxx.o(.text)
    EXTI15_10_IRQHandler                     0x080002b3   Thumb Code     0  startup_stm32f40_41xxx.o(.text)
    EXTI1_IRQHandler                         0x080002b3   Thumb Code     0  startup_stm32f40_41xxx.o(.text)
    EXTI2_IRQHandler                         0x080002b3   Thumb Code     0  startup_stm32f40_41xxx.o(.text)
    EXTI3_IRQHandler                         0x080002b3   Thumb Code     0  startup_stm32f40_41xxx.o(.text)
    EXTI4_IRQHandler                         0x080002b3   Thumb Code     0  startup_stm32f40_41xxx.o(.text)
    EXTI9_5_IRQHandler                       0x080002b3   Thumb Code     0  startup_stm32f40_41xxx.o(.text)
    FLASH_IRQHandler                         0x080002b3   Thumb Code     0  startup_stm32f40_41xxx.o(.text)
    FPU_IRQHandler                           0x080002b3   Thumb Code     0  startup_stm32f40_41xxx.o(.text)
    FSMC_IRQHandler                          0x080002b3   Thumb Code     0  startup_stm32f40_41xxx.o(.text)
    HASH_RNG_IRQHandler                      0x080002b3   Thumb Code     0  startup_stm32f40_41xxx.o(.text)
    I2C1_ER_IRQHandler                       0x080002b3   Thumb Code     0  startup_stm32f40_41xxx.o(.text)
    I2C1_EV_IRQHandler                       0x080002b3   Thumb Code     0  startup_stm32f40_41xxx.o(.text)
    I2C2_ER_IRQHandler                       0x080002b3   Thumb Code     0  startup_stm32f40_41xxx.o(.text)
    I2C2_EV_IRQHandler                       0x080002b3   Thumb Code     0  startup_stm32f40_41xxx.o(.text)
    I2C3_ER_IRQHandler                       0x080002b3   Thumb Code     0  startup_stm32f40_41xxx.o(.text)
    I2C3_EV_IRQHandler                       0x080002b3   Thumb Code     0  startup_stm32f40_41xxx.o(.text)
    OTG_FS_IRQHandler                        0x080002b3   Thumb Code     0  startup_stm32f40_41xxx.o(.text)
    OTG_FS_WKUP_IRQHandler                   0x080002b3   Thumb Code     0  startup_stm32f40_41xxx.o(.text)
    OTG_HS_EP1_IN_IRQHandler                 0x080002b3   Thumb Code     0  startup_stm32f40_41xxx.o(.text)
    OTG_HS_EP1_OUT_IRQHandler                0x080002b3   Thumb Code     0  startup_stm32f40_41xxx.o(.text)
    OTG_HS_IRQHandler                        0x080002b3   Thumb Code     0  startup_stm32f40_41xxx.o(.text)
    OTG_HS_WKUP_IRQHandler                   0x080002b3   Thumb Code     0  startup_stm32f40_41xxx.o(.text)
    PVD_IRQHandler                           0x080002b3   Thumb Code     0  startup_stm32f40_41xxx.o(.text)
    RCC_IRQHandler                           0x080002b3   Thumb Code     0  startup_stm32f40_41xxx.o(.text)
    RTC_Alarm_IRQHandler                     0x080002b3   Thumb Code     0  startup_stm32f40_41xxx.o(.text)
    RTC_WKUP_IRQHandler                      0x080002b3   Thumb Code     0  startup_stm32f40_41xxx.o(.text)
    SDIO_IRQHandler                          0x080002b3   Thumb Code     0  startup_stm32f40_41xxx.o(.text)
    SPI1_IRQHandler                          0x080002b3   Thumb Code     0  startup_stm32f40_41xxx.o(.text)
    SPI2_IRQHandler                          0x080002b3   Thumb Code     0  startup_stm32f40_41xxx.o(.text)
    SPI3_IRQHandler                          0x080002b3   Thumb Code     0  startup_stm32f40_41xxx.o(.text)
    TAMP_STAMP_IRQHandler                    0x080002b3   Thumb Code     0  startup_stm32f40_41xxx.o(.text)
    TIM1_BRK_TIM9_IRQHandler                 0x080002b3   Thumb Code     0  startup_stm32f40_41xxx.o(.text)
    TIM1_CC_IRQHandler                       0x080002b3   Thumb Code     0  startup_stm32f40_41xxx.o(.text)
    TIM1_TRG_COM_TIM11_IRQHandler            0x080002b3   Thumb Code     0  startup_stm32f40_41xxx.o(.text)
    TIM1_UP_TIM10_IRQHandler                 0x080002b3   Thumb Code     0  startup_stm32f40_41xxx.o(.text)
    TIM2_IRQHandler                          0x080002b3   Thumb Code     0  startup_stm32f40_41xxx.o(.text)
    TIM3_IRQHandler                          0x080002b3   Thumb Code     0  startup_stm32f40_41xxx.o(.text)
    TIM4_IRQHandler                          0x080002b3   Thumb Code     0  startup_stm32f40_41xxx.o(.text)
    TIM5_IRQHandler                          0x080002b3   Thumb Code     0  startup_stm32f40_41xxx.o(.text)
    TIM6_DAC_IRQHandler                      0x080002b3   Thumb Code     0  startup_stm32f40_41xxx.o(.text)
    TIM7_IRQHandler                          0x080002b3   Thumb Code     0  startup_stm32f40_41xxx.o(.text)
    TIM8_BRK_TIM12_IRQHandler                0x080002b3   Thumb Code     0  startup_stm32f40_41xxx.o(.text)
    TIM8_CC_IRQHandler                       0x080002b3   Thumb Code     0  startup_stm32f40_41xxx.o(.text)
    TIM8_TRG_COM_TIM14_IRQHandler            0x080002b3   Thumb Code     0  startup_stm32f40_41xxx.o(.text)
    TIM8_UP_TIM13_IRQHandler                 0x080002b3   Thumb Code     0  startup_stm32f40_41xxx.o(.text)
    UART4_IRQHandler                         0x080002b3   Thumb Code     0  startup_stm32f40_41xxx.o(.text)
    UART5_IRQHandler                         0x080002b3   Thumb Code     0  startup_stm32f40_41xxx.o(.text)
    USART2_IRQHandler                        0x080002b3   Thumb Code     0  startup_stm32f40_41xxx.o(.text)
    USART3_IRQHandler                        0x080002b3   Thumb Code     0  startup_stm32f40_41xxx.o(.text)
    USART6_IRQHandler                        0x080002b3   Thumb Code     0  startup_stm32f40_41xxx.o(.text)
    WWDG_IRQHandler                          0x080002b3   Thumb Code     0  startup_stm32f40_41xxx.o(.text)
    __user_initial_stackheap                 0x080002b5   Thumb Code     0  startup_stm32f40_41xxx.o(.text)
    __use_no_semihosting                     0x080002d9   Thumb Code     2  use_no_semi_2.o(.text)
    __aeabi_ldivmod                          0x080002db   Thumb Code     0  llsdiv.o(.text)
    _ll_sdiv                                 0x080002db   Thumb Code    72  llsdiv.o(.text)
    __2printf                                0x08000325   Thumb Code    20  noretval__2printf.o(.text)
    _printf_str                              0x0800033d   Thumb Code    82  _printf_str.o(.text)
    _printf_int_dec                          0x08000391   Thumb Code   104  _printf_dec.o(.text)
    __printf                                 0x08000409   Thumb Code   270  __printf_wp.o(.text)
    strtol                                   0x08000517   Thumb Code   112  strtol.o(.text)
    strchr                                   0x08000587   Thumb Code    20  strchr.o(.text)
    memcmp                                   0x0800059b   Thumb Code    88  memcmp.o(.text)
    __aeabi_memcpy                           0x080005f3   Thumb Code     0  rt_memcpy_v6.o(.text)
    __rt_memcpy                              0x080005f3   Thumb Code   138  rt_memcpy_v6.o(.text)
    _memcpy_lastbytes                        0x08000659   Thumb Code     0  rt_memcpy_v6.o(.text)
    __aeabi_memcpy4                          0x0800067d   Thumb Code     0  rt_memcpy_w.o(.text)
    __aeabi_memcpy8                          0x0800067d   Thumb Code     0  rt_memcpy_w.o(.text)
    __rt_memcpy_w                            0x0800067d   Thumb Code   100  rt_memcpy_w.o(.text)
    _memcpy_lastbytes_aligned                0x080006c5   Thumb Code     0  rt_memcpy_w.o(.text)
    __aeabi_memclr4                          0x080006e1   Thumb Code     0  rt_memclr_w.o(.text)
    __aeabi_memclr8                          0x080006e1   Thumb Code     0  rt_memclr_w.o(.text)
    __rt_memclr_w                            0x080006e1   Thumb Code    78  rt_memclr_w.o(.text)
    _memset_w                                0x080006e5   Thumb Code     0  rt_memclr_w.o(.text)
    __use_two_region_memory                  0x0800072f   Thumb Code     2  heapauxi.o(.text)
    __rt_heap_escrow                         0x08000731   Thumb Code     2  heapauxi.o(.text)
    __rt_heap_expand                         0x08000733   Thumb Code     2  heapauxi.o(.text)
    __I$use$semihosting                      0x08000735   Thumb Code     0  use_no_semi.o(.text)
    __use_no_semihosting_swi                 0x08000735   Thumb Code     2  use_no_semi.o(.text)
    __rt_ctype_table                         0x08000739   Thumb Code    16  rt_ctype_table.o(.text)
    __aeabi_errno_addr                       0x08000749   Thumb Code     8  rt_errno_addr_intlibspace.o(.text)
    __errno$intlibspace                      0x08000749   Thumb Code     0  rt_errno_addr_intlibspace.o(.text)
    __rt_errno_addr$intlibspace              0x08000749   Thumb Code     0  rt_errno_addr_intlibspace.o(.text)
    __aeabi_uldivmod                         0x08000751   Thumb Code     0  lludivv7m.o(.text)
    _ll_udiv                                 0x08000751   Thumb Code   238  lludivv7m.o(.text)
    __read_errno                             0x0800083f   Thumb Code    10  _rserrno.o(.text)
    __set_errno                              0x08000849   Thumb Code    12  _rserrno.o(.text)
    _printf_int_common                       0x08000855   Thumb Code   178  _printf_intcommon.o(.text)
    __lib_sel_fp_printf                      0x08000907   Thumb Code     2  _printf_fp_dec.o(.text)
    _printf_fp_dec_real                      0x08000ab9   Thumb Code   620  _printf_fp_dec.o(.text)
    _printf_cs_common                        0x08000d25   Thumb Code    20  _printf_char.o(.text)
    _printf_char                             0x08000d39   Thumb Code    16  _printf_char.o(.text)
    _printf_string                           0x08000d49   Thumb Code     8  _printf_char.o(.text)
    _printf_char_file                        0x08000d51   Thumb Code    32  _printf_char_file.o(.text)
    _strtoul                                 0x08000d75   Thumb Code   158  _strtoul.o(.text)
    __strtof_int                             0x08000e13   Thumb Code    26  strtof.o(.text)
    __user_libspace                          0x08000e2d   Thumb Code     8  libspace.o(.text)
    __user_perproc_libspace                  0x08000e2d   Thumb Code     0  libspace.o(.text)
    __user_perthread_libspace                0x08000e2d   Thumb Code     0  libspace.o(.text)
    __rt_locale                              0x08000e35   Thumb Code     8  rt_locale_intlibspace.o(.text)
    _ll_udiv10                               0x08000e3d   Thumb Code   138  lludiv10.o(.text)
    _printf_char_common                      0x08000ed3   Thumb Code    32  _printf_char_common.o(.text)
    _printf_fp_infnan                        0x08000ef9   Thumb Code   112  _printf_fp_infnan.o(.text)
    _chval                                   0x08000f79   Thumb Code    28  _chval.o(.text)
    __strtod_int                             0x08000fd1   Thumb Code    90  strtod.o(.text)
    _btod_etento                             0x08001039   Thumb Code   224  bigflt0.o(.text)
    ferror                                   0x0800111d   Thumb Code     8  ferror.o(.text)
    __user_setup_stackheap                   0x08001125   Thumb Code    74  sys_stackheap_outer.o(.text)
    isspace                                  0x0800116f   Thumb Code    18  isspace.o(.text)
    _sgetc                                   0x08001181   Thumb Code    30  _sgetc.o(.text)
    _sbackspace                              0x0800119f   Thumb Code    34  _sgetc.o(.text)
    exit                                     0x080011c1   Thumb Code    18  exit.o(.text)
    strcmp                                   0x080011d5   Thumb Code   128  strcmpv7m.o(.text)
    _scanf_really_real                       0x080014a1   Thumb Code   684  scanf_fp.o(.text)
    _scanf_really_hex_real                   0x0800174d   Thumb Code   786  scanf_hexfp.o(.text)
    _scanf_really_infnan                     0x08001a6d   Thumb Code   292  scanf_infnan.o(.text)
    __aeabi_llsl                             0x08001ba1   Thumb Code     0  llshl.o(.text)
    _ll_shift_l                              0x08001ba1   Thumb Code    38  llshl.o(.text)
    st_sssa8_ch_nn_mat_mult_kernel_opt       0x08001bc7   Thumb Code     0  st_sssa8_ch_nn_mat_mult_kernel_opt.o(.text.st_sssa8_ch_nn_mat_mult_kernel_opt)
    _btod_d2e                                0x08001f03   Thumb Code    62  btod.o(CL$$btod_d2e)
    _d2e_denorm_low                          0x08001f41   Thumb Code    70  btod.o(CL$$btod_d2e_denorm_low)
    _d2e_norm_op1                            0x08001f87   Thumb Code    96  btod.o(CL$$btod_d2e_norm_op1)
    __btod_div_common                        0x08001fe7   Thumb Code   696  btod.o(CL$$btod_div_common)
    _e2d                                     0x08002321   Thumb Code   122  btod.o(CL$$btod_e2d)
    _e2e                                     0x080023a5   Thumb Code   220  btod.o(CL$$btod_e2e)
    _btod_ediv                               0x08002481   Thumb Code    42  btod.o(CL$$btod_ediv)
    _btod_edivd                              0x080024ab   Thumb Code    42  btod.o(CL$$btod_edivd)
    _btod_emul                               0x080024d5   Thumb Code    42  btod.o(CL$$btod_emul)
    _btod_emuld                              0x080024ff   Thumb Code    42  btod.o(CL$$btod_emuld)
    __btod_mult_common                       0x08002529   Thumb Code   580  btod.o(CL$$btod_mult_common)
    BusFault_Handler                         0x0800276d   Thumb Code     4  stm32f4xx_it.o(i.BusFault_Handler)
    DebugMon_Handler                         0x08002771   Thumb Code     2  stm32f4xx_it.o(i.DebugMon_Handler)
    GPIO_Init                                0x08002773   Thumb Code   144  stm32f4xx_gpio.o(i.GPIO_Init)
    GPIO_PinAFConfig                         0x08002803   Thumb Code    70  stm32f4xx_gpio.o(i.GPIO_PinAFConfig)
    HardFault_Handler                        0x08002849   Thumb Code     4  stm32f4xx_it.o(i.HardFault_Handler)
    MemManage_Handler                        0x0800284d   Thumb Code     4  stm32f4xx_it.o(i.MemManage_Handler)
    NMI_Handler                              0x08002851   Thumb Code     2  stm32f4xx_it.o(i.NMI_Handler)
    NVIC_Init                                0x08002855   Thumb Code   106  misc.o(i.NVIC_Init)
    NVIC_PriorityGroupConfig                 0x080028cd   Thumb Code    10  misc.o(i.NVIC_PriorityGroupConfig)
    PendSV_Handler                           0x080028e1   Thumb Code     2  stm32f4xx_it.o(i.PendSV_Handler)
    RCC_AHB1PeriphClockCmd                   0x080028e5   Thumb Code    26  stm32f4xx_rcc.o(i.RCC_AHB1PeriphClockCmd)
    RCC_APB2PeriphClockCmd                   0x08002905   Thumb Code    26  stm32f4xx_rcc.o(i.RCC_APB2PeriphClockCmd)
    RCC_GetClocksFreq                        0x08002925   Thumb Code   214  stm32f4xx_rcc.o(i.RCC_GetClocksFreq)
    SVC_Handler                              0x08002a0d   Thumb Code     2  stm32f4xx_it.o(i.SVC_Handler)
    SysTick_CLKSourceConfig                  0x08002afd   Thumb Code    40  misc.o(i.SysTick_CLKSourceConfig)
    SysTick_Handler                          0x08002b25   Thumb Code     2  stm32f4xx_it.o(i.SysTick_Handler)
    SystemInit                               0x08002b29   Thumb Code    88  system_stm32f4xx.o(i.SystemInit)
    USART1_IRQHandler                        0x08002b91   Thumb Code   102  usart.o(i.USART1_IRQHandler)
    USART_ClearITPendingBit                  0x08002c05   Thumb Code    30  stm32f4xx_usart.o(i.USART_ClearITPendingBit)
    USART_Cmd                                0x08002c23   Thumb Code    24  stm32f4xx_usart.o(i.USART_Cmd)
    USART_GetITStatus                        0x08002c3b   Thumb Code    84  stm32f4xx_usart.o(i.USART_GetITStatus)
    USART_ITConfig                           0x08002c8f   Thumb Code    74  stm32f4xx_usart.o(i.USART_ITConfig)
    USART_Init                               0x08002cd9   Thumb Code   204  stm32f4xx_usart.o(i.USART_Init)
    USART_ReceiveData                        0x08002dad   Thumb Code    10  stm32f4xx_usart.o(i.USART_ReceiveData)
    UsageFault_Handler                       0x08002db7   Thumb Code     4  stm32f4xx_it.o(i.UsageFault_Handler)
    __ARM_fpclassify                         0x08002dbb   Thumb Code    48  fpclassify.o(i.__ARM_fpclassify)
    __ARM_fpclassifyf                        0x08002deb   Thumb Code    38  fpclassifyf.o(i.__ARM_fpclassifyf)
    __hardfp___mathlib_tofloat               0x08002e11   Thumb Code   232  narrow.o(i.__hardfp___mathlib_tofloat)
    __hardfp_ldexp                           0x08002f09   Thumb Code   200  ldexp.o(i.__hardfp_ldexp)
    __hardfp_powf                            0x08002fd9   Thumb Code  1606  powf.o(i.__hardfp_powf)
    __mathlib_powf                           0x08002fd9   Thumb Code     0  powf.o(i.__hardfp_powf)
    __hardfp_strtof                          0x0800363d   Thumb Code    26  strtof.o(i.__hardfp_strtof)
    __mathlib_dbl_overflow                   0x08003661   Thumb Code    24  dunder.o(i.__mathlib_dbl_overflow)
    __mathlib_dbl_underflow                  0x08003681   Thumb Code    24  dunder.o(i.__mathlib_dbl_underflow)
    __mathlib_flt_divzero                    0x080036a1   Thumb Code    14  funder.o(i.__mathlib_flt_divzero)
    __mathlib_flt_infnan2                    0x080036b5   Thumb Code     6  funder.o(i.__mathlib_flt_infnan2)
    __mathlib_flt_invalid                    0x080036bd   Thumb Code    10  funder.o(i.__mathlib_flt_invalid)
    __mathlib_flt_overflow                   0x080036cd   Thumb Code    10  funder.o(i.__mathlib_flt_overflow)
    __mathlib_flt_underflow                  0x080036dd   Thumb Code    10  funder.o(i.__mathlib_flt_underflow)
    __mathlib_narrow                         0x080036ed   Thumb Code    18  narrow.o(i.__mathlib_narrow)
    __support_ldexp                          0x080036ff   Thumb Code    20  ldexp.o(i.__support_ldexp)
    _is_digit                                0x08003825   Thumb Code    14  __printf_wp.o(i._is_digit)
    _lite_kernel_nl_softmax_is8os8           0x08003835   Thumb Code   150  lite_nl_softmax_is8os8.o(i._lite_kernel_nl_softmax_is8os8)
    _lite_kernel_nl_softmax_iu8ou8           0x08003cb1   Thumb Code    78  lite_nl_softmax_iu8ou8.o(i._lite_kernel_nl_softmax_iu8ou8)
    _sys_exit                                0x08004e57   Thumb Code     4  usart.o(i._sys_exit)
    ai_array_get_byte_size                   0x08004e5b   Thumb Code    40  ai_datatypes_format.o(i.ai_array_get_byte_size)
    ai_array_get_data_byte_size              0x08004e83   Thumb Code    30  ai_datatypes_format.o(i.ai_array_get_data_byte_size)
    ai_array_to_buffer_fmt                   0x08004ea1   Thumb Code   248  ai_datatypes_format.o(i.ai_array_to_buffer_fmt)
    ai_buffer_array_item_set_address         0x08004fcd   Thumb Code    36  ai_platform.o(i.ai_buffer_array_item_set_address)
    ai_buffer_array_sane                     0x08004ff1   Thumb Code    18  ai_platform.o(i.ai_buffer_array_sane)
    ai_buffer_get_size                       0x08005005   Thumb Code    96  ai_platform.o(i.ai_buffer_get_size)
    ai_check_custom_types                    0x0800506d   Thumb Code    38  layers.o(i.ai_check_custom_types)
    ai_layers_forward_all                    0x0800513d   Thumb Code    80  layers.o(i.ai_layers_forward_all)
    ai_layers_init_all                       0x0800518d   Thumb Code    30  layers.o(i.ai_layers_init_all)
    ai_layers_post_init_all                  0x080051ab   Thumb Code    54  layers.o(i.ai_layers_post_init_all)
    ai_network_create                        0x080051e1   Thumb Code    30  network.o(i.ai_network_create)
    ai_network_create_and_init               0x08005205   Thumb Code   134  network.o(i.ai_network_create_and_init)
    ai_network_data_params_get               0x0800528d   Thumb Code    42  network_data.o(i.ai_network_data_params_get)
    ai_network_get_error                     0x080052bd   Thumb Code    14  network.o(i.ai_network_get_error)
    ai_network_init                          0x080052cb   Thumb Code    60  network.o(i.ai_network_init)
    ai_network_inputs_get                    0x08005309   Thumb Code    24  network.o(i.ai_network_inputs_get)
    ai_network_outputs_get                   0x08005329   Thumb Code    24  network.o(i.ai_network_outputs_get)
    ai_network_run                           0x08005349   Thumb Code    20  network.o(i.ai_network_run)
    ai_padding_opt_init                      0x0800535d   Thumb Code   174  st_padding_opt.o(i.ai_padding_opt_init)
    ai_padding_opt_phase1                    0x0800540b   Thumb Code    52  st_padding_opt.o(i.ai_padding_opt_phase1)
    ai_platform_bind_network_params          0x08005465   Thumb Code    38  ai_platform_interface.o(i.ai_platform_bind_network_params)
    ai_platform_context_acquire              0x08005491   Thumb Code    14  ai_platform_interface.o(i.ai_platform_context_acquire)
    ai_platform_get_activations_map          0x080054a5   Thumb Code    38  ai_platform_interface.o(i.ai_platform_get_activations_map)
    ai_platform_get_weights_map              0x080054d1   Thumb Code    36  ai_platform_interface.o(i.ai_platform_get_weights_map)
    ai_platform_inputs_get                   0x080054f9   Thumb Code    66  ai_platform_interface.o(i.ai_platform_inputs_get)
    ai_platform_network_create               0x0800553d   Thumb Code   146  ai_platform_interface.o(i.ai_platform_network_create)
    ai_platform_network_get_error            0x080055d9   Thumb Code    24  ai_platform_interface.o(i.ai_platform_network_get_error)
    ai_platform_network_init                 0x080055f5   Thumb Code   262  ai_platform_interface.o(i.ai_platform_network_init)
    ai_platform_network_post_init            0x0800570d   Thumb Code    76  ai_platform_interface.o(i.ai_platform_network_post_init)
    ai_platform_network_process              0x0800575d   Thumb Code    84  ai_platform_interface.o(i.ai_platform_network_process)
    ai_platform_network_set_error            0x080057b1   Thumb Code    12  ai_platform_interface.o(i.ai_platform_network_set_error)
    ai_platform_outputs_get                  0x080057bd   Thumb Code    72  ai_platform_interface.o(i.ai_platform_outputs_get)
    ai_version_get                           0x08005843   Thumb Code    12  ai_datatypes_internal.o(i.ai_version_get)
    align_factor_ch                          0x08005851   Thumb Code    76  st_align_factor.o(i.align_factor_ch)
    core_get_error                           0x0800589d   Thumb Code    12  core_common.o(i.core_get_error)
    core_init                                0x080058a9   Thumb Code     4  core_common.o(i.core_init)
    core_set_error                           0x080058cb   Thumb Code    26  core_common.o(i.core_set_error)
    delay_init                               0x080058e5   Thumb Code    34  delay.o(i.delay_init)
    forward_conv2d_deep_sssa8_ch             0x08005911   Thumb Code   586  layers_conv2d_sssa8_ch.o(i.forward_conv2d_deep_sssa8_ch)
    forward_conv2d_sssa8_ch                  0x08005b5b   Thumb Code   616  layers_conv2d_sssa8_ch.o(i.forward_conv2d_sssa8_ch)
    forward_dense_integer_SSSA_ch            0x08005dc3   Thumb Code   366  layers_conv2d_stm32_integer.o(i.forward_dense_integer_SSSA_ch)
    forward_lite_conv2d_deep_sssa8_ch        0x08005f31   Thumb Code   342  forward_lite_conv2d_sssa8_ch.o(i.forward_lite_conv2d_deep_sssa8_ch)
    forward_lite_conv2d_sssa8_ch             0x08006089   Thumb Code  1726  forward_lite_conv2d_sssa8_ch.o(i.forward_lite_conv2d_sssa8_ch)
    forward_lite_dense_is8os8ws8_ch          0x08006747   Thumb Code    94  forward_lite_dense_is8os8ws8_ch.o(i.forward_lite_dense_is8os8ws8_ch)
    forward_lite_maxpool_is8os8_scaleneg     0x080067a5   Thumb Code   312  forward_lite_maxpool_is8os8.o(i.forward_lite_maxpool_is8os8_scaleneg)
    forward_lite_maxpool_is8os8_scalepos     0x080068e1   Thumb Code   316  forward_lite_maxpool_is8os8_scalepos.o(i.forward_lite_maxpool_is8os8_scalepos)
    forward_lite_nl_softmax_is8os8           0x08006a21   Thumb Code    44  lite_nl_generic_integer.o(i.forward_lite_nl_softmax_is8os8)
    forward_lite_nl_softmax_iu8ou8           0x08006a4d   Thumb Code    44  lite_nl_generic_integer.o(i.forward_lite_nl_softmax_iu8ou8)
    forward_lite_node_convert_integer_if32os8 0x08006a79   Thumb Code     4  forward_lite_convert.o(i.forward_lite_node_convert_integer_if32os8)
    forward_lite_node_convert_integer_if32ou8 0x08006a7d   Thumb Code     4  forward_lite_convert.o(i.forward_lite_node_convert_integer_if32ou8)
    forward_lite_node_convert_integer_is8of32 0x08006a81   Thumb Code     4  forward_lite_convert.o(i.forward_lite_node_convert_integer_is8of32)
    forward_lite_node_convert_integer_iu8of32 0x08006a85   Thumb Code     4  forward_lite_convert.o(i.forward_lite_node_convert_integer_iu8of32)
    forward_mp_integer_INT8                  0x08006a89   Thumb Code   170  layers_pool_stm32_integer.o(i.forward_mp_integer_INT8)
    forward_sm_integer                       0x08006b35   Thumb Code   210  layers_nl_stm32_integer.o(i.forward_sm_integer)
    fputc                                    0x08006c0d   Thumb Code    22  usart.o(i.fputc)
    frexp                                    0x08006c29   Thumb Code   118  frexp.o(i.frexp)
    get_tensor_byte_size                     0x08006cb5   Thumb Code    34  ai_datatypes_internal.o(i.get_tensor_byte_size)
    lite_convert_if32os8                     0x08006cdd   Thumb Code    88  lite_convert_kernel.o(i.lite_convert_if32os8)
    lite_convert_if32ou8                     0x08006d39   Thumb Code    60  lite_convert_kernel.o(i.lite_convert_if32ou8)
    lite_convert_is8of32                     0x08006d75   Thumb Code    38  lite_convert_kernel.o(i.lite_convert_is8of32)
    lite_convert_iu8of32                     0x08006d9d   Thumb Code    38  lite_convert_kernel.o(i.lite_convert_iu8of32)
    main                                     0x08006dc5   Thumb Code   416  main.o(i.main)
    node_convert                             0x080073a1   Thumb Code   458  core_convert.o(i.node_convert)
    pool_func_mp_array_integer_INT8          0x080076b9   Thumb Code   208  layers_pool_stm32_integer.o(i.pool_func_mp_array_integer_INT8)
    st_f32_to_int16                          0x08007789   Thumb Code   272  st_f32_to_int16.o(i.st_f32_to_int16)
    st_f32_to_int8                           0x0800789d   Thumb Code   282  st_f32_to_int8.o(i.st_f32_to_int8)
    st_int16_fill                            0x080079bd   Thumb Code    56  st_int16_fill.o(i.st_int16_fill)
    st_int16_to_f32                          0x080079f5   Thumb Code   136  st_int16_to_f32.o(i.st_int16_to_f32)
    st_int8_copy                             0x08007a81   Thumb Code   144  st_int8_fill.o(i.st_int8_copy)
    st_int8_reordered_no_shift_zero          0x08007b11   Thumb Code    82  st_int8_reordered_no_shift.o(i.st_int8_reordered_no_shift_zero)
    st_int8_to16_dual                        0x08007b65   Thumb Code   606  st_int8_to16_no_shift.o(i.st_int8_to16_dual)
    st_int8_to16_dual_interleaved            0x08007dc5   Thumb Code   490  st_int8_to16_no_shift.o(i.st_int8_to16_dual_interleaved)
    st_int8_to16_no_shift                    0x08007fb1   Thumb Code   264  st_int8_to16_no_shift.o(i.st_int8_to16_no_shift)
    st_int8_to16_no_shift_interleaved        0x080080b9   Thumb Code   192  st_int8_to16_no_shift.o(i.st_int8_to16_no_shift_interleaved)
    st_int8_to_f32                           0x08008179   Thumb Code   136  st_int8_to_f32.o(i.st_int8_to_f32)
    st_sssa8_ch_1_output_mgt                 0x08008205   Thumb Code    68  st_sssa8_ch_nn_mat_mult_nt_t.o(i.st_sssa8_ch_1_output_mgt)
    st_sssa8_ch_2_output_mgt                 0x08008249   Thumb Code   126  st_sssa8_ch_nn_mat_mult_nt_t.o(i.st_sssa8_ch_2_output_mgt)
    st_sssa8_ch_convolve_rank1upd            0x080082c9   Thumb Code   164  st_sssa8_ch_convolve.o(i.st_sssa8_ch_convolve_rank1upd)
    st_sssa8_ch_fullW_prefetch               0x0800836d   Thumb Code    86  st_sssa8_ch_nn_mat_mult_nt_t.o(i.st_sssa8_ch_fullW_prefetch)
    st_sssa8_ch_fully_connected              0x080083c5   Thumb Code  1016  st_sssa8_ch_dense.o(i.st_sssa8_ch_fully_connected)
    st_sssa8_ch_nn_mat_mult_conv2d_nt_t      0x080087bd   Thumb Code  2532  st_sssa8_ch_nn_mat_mult_conv2d_nt_t.o(i.st_sssa8_ch_nn_mat_mult_conv2d_nt_t)
    st_sssa8_ch_nn_mat_mult_kernel_single_opt 0x080091a1   Thumb Code   624  st_sssa8_ch_nn_mat_mult_kernel_single_opt.o(i.st_sssa8_ch_nn_mat_mult_kernel_single_opt)
    uart_init                                0x08009411   Thumb Code   164  usart.o(i.uart_init)
    weights_2channels_prefetch               0x08009509   Thumb Code   400  st_sssa8_ch_nn_mat_mult_nt_t.o(i.weights_2channels_prefetch)
    weights_offset_contribution_calc         0x08009699   Thumb Code   132  st_sssa8_ch_nn_mat_mult_nt_t.o(i.weights_offset_contribution_calc)
    _get_lc_ctype                            0x0800971d   Thumb Code    44  lc_ctype_c.o(locale$$code)
    _get_lc_numeric                          0x08009749   Thumb Code    44  lc_numeric_c.o(locale$$code)
    __aeabi_d2f                              0x08009775   Thumb Code     0  d2f.o(x$fpl$d2f)
    _d2f                                     0x08009775   Thumb Code    98  d2f.o(x$fpl$d2f)
    __fpl_dcheck_NaN1                        0x080097d9   Thumb Code    10  dcheck1.o(x$fpl$dcheck1)
    __fpl_dcmp_Inf                           0x080097e9   Thumb Code    24  dcmpi.o(x$fpl$dcmpinf)
    __aeabi_cdcmpeq                          0x08009801   Thumb Code     0  deqf.o(x$fpl$deqf)
    _dcmpeq                                  0x08009801   Thumb Code   120  deqf.o(x$fpl$deqf)
    __aeabi_cdcmple                          0x08009879   Thumb Code     0  dleqf.o(x$fpl$dleqf)
    _dcmple                                  0x08009879   Thumb Code   120  dleqf.o(x$fpl$dleqf)
    __fpl_dcmple_InfNaN                      0x080098db   Thumb Code     0  dleqf.o(x$fpl$dleqf)
    __aeabi_dmul                             0x080098f1   Thumb Code     0  dmul.o(x$fpl$dmul)
    _dmul                                    0x080098f1   Thumb Code   332  dmul.o(x$fpl$dmul)
    __fpl_dnaninf                            0x08009a45   Thumb Code   156  dnaninf.o(x$fpl$dnaninf)
    __fpl_dretinf                            0x08009ae1   Thumb Code    12  dretinf.o(x$fpl$dretinf)
    __aeabi_cdrcmple                         0x08009aed   Thumb Code     0  drleqf.o(x$fpl$drleqf)
    _drcmple                                 0x08009aed   Thumb Code   108  drleqf.o(x$fpl$drleqf)
    __aeabi_f2d                              0x08009b59   Thumb Code     0  f2d.o(x$fpl$f2d)
    _f2d                                     0x08009b59   Thumb Code    86  f2d.o(x$fpl$f2d)
    __fpl_fnaninf                            0x08009baf   Thumb Code   140  fnaninf.o(x$fpl$fnaninf)
    _fp_init                                 0x08009c3b   Thumb Code    10  fpinit.o(x$fpl$fpinit)
    __fplib_config_fpu_vfp                   0x08009c43   Thumb Code     0  fpinit.o(x$fpl$fpinit)
    __fplib_config_pureend_doubles           0x08009c43   Thumb Code     0  fpinit.o(x$fpl$fpinit)
    __fpl_fretinf                            0x08009c45   Thumb Code    10  fretinf.o(x$fpl$fretinf)
    __ieee_status                            0x08009c4f   Thumb Code     6  istatus.o(x$fpl$ieeestatus)
    _printf_fp_dec                           0x08009c55   Thumb Code     4  printf1.o(x$fpl$printf1)
    __fpl_return_NaN                         0x08009c59   Thumb Code   100  retnan.o(x$fpl$retnan)
    __ARM_scalbn                             0x08009cbd   Thumb Code    92  scalbn.o(x$fpl$scalbn)
    _scanf_real                              0x08009d19   Thumb Code     4  scanf1.o(x$fpl$scanf1)
    _scanf_hex_real                          0x08009d1d   Thumb Code     4  scanf2.o(x$fpl$scanf2)
    _scanf_infnan                            0x08009d21   Thumb Code     4  scanf2.o(x$fpl$scanf2)
    __fpl_cmpreturn                          0x08009d25   Thumb Code    48  trapv.o(x$fpl$trapveneer)
    __I$use$fp                               0x08009d54   Number         0  usenofp.o(x$fpl$usenofp)
    s_network_weights_array_u64              0x0800a1e0   Data       92160  network_data_params.o(.constdata)
    Region$$Table$$Base                      0x08020cc4   Number         0  anon$$obj.o(Region$$Table)
    Region$$Table$$Limit                     0x08020ce4   Number         0  anon$$obj.o(Region$$Table)
    __aeabi_HUGE_VAL                         0x08020ce4   Data           0  fpconst.o(c$$dinf)
    __aeabi_HUGE_VALL                        0x08020ce4   Data           0  fpconst.o(c$$dinf)
    __aeabi_INFINITY                         0x08020ce4   Data           0  fpconst.o(c$$dinf)
    __dInf                                   0x08020ce4   Data           0  fpconst.o(c$$dinf)
    __huge_val                               0x08020ce4   Data           0  fpconst.o(c$$dinf)
    __dbl_max                                0x08020cec   Data           0  fpconst.o(c$$dmax)
    __ctype                                  0x08020d01   Data           0  lc_ctype_c.o(locale$$data)
    __stdout                                 0x2000002c   Data           4  usart.o(.data)
    USART_RX_STA                             0x20000030   Data           2  usart.o(.data)
    g_network_data_map_activations           0x20000c80   Data          28  network_data.o(.data)
    g_network_data_map_weights               0x20000c9c   Data          28  network_data.o(.data)
    USART_RX_BUF                             0x20005fec   Data        4096  usart.o(.bss)
    __libspace_start                         0x20007084   Data          96  libspace.o(.bss)
    __temporary_stack_top$libspace           0x200070e4   Data           0  libspace.o(.bss)



==============================================================================

Memory Map of the image

  Image Entry point : 0x08000189

  Load Region LR_IROM1 (Base: 0x08000000, Size: 0x00021ad8, Max: 0x00100000, ABSOLUTE, COMPRESSED[0x000212d0])

    Execution Region ER_IROM1 (Exec base: 0x08000000, Load base: 0x08000000, Size: 0x00020e20, Max: 0x00100000, ABSOLUTE)

    Exec Addr    Load Addr    Size         Type   Attr      Idx    E Section Name        Object

    0x08000000   0x08000000   0x00000188   Data   RO            3    RESET               startup_stm32f40_41xxx.o
    0x08000188   0x08000188   0x00000008   Code   RO         6734  * !!!main             c_w.l(__main.o)
    0x08000190   0x08000190   0x00000034   Code   RO         7181    !!!scatter          c_w.l(__scatter.o)
    0x080001c4   0x080001c4   0x0000005a   Code   RO         7179    !!dczerorl2         c_w.l(__dczerorl2.o)
    0x0800021e   0x0800021e   0x00000002   PAD
    0x08000220   0x08000220   0x0000001c   Code   RO         7183    !!handler_zi        c_w.l(__scatter_zi.o)
    0x0800023c   0x0800023c   0x00000000   Code   RO         6719    .ARM.Collect$$_printf_percent$$00000000  c_w.l(_printf_percent.o)
    0x0800023c   0x0800023c   0x00000006   Code   RO         6718    .ARM.Collect$$_printf_percent$$00000003  c_w.l(_printf_f.o)
    0x08000242   0x08000242   0x00000006   Code   RO         6717    .ARM.Collect$$_printf_percent$$00000009  c_w.l(_printf_d.o)
    0x08000248   0x08000248   0x00000006   Code   RO         6716    .ARM.Collect$$_printf_percent$$00000014  c_w.l(_printf_s.o)
    0x0800024e   0x0800024e   0x00000004   Code   RO         6813    .ARM.Collect$$_printf_percent$$00000017  c_w.l(_printf_percent_end.o)
    0x08000252   0x08000252   0x00000002   Code   RO         7023    .ARM.Collect$$libinit$$00000000  c_w.l(libinit.o)
    0x08000254   0x08000254   0x00000004   Code   RO         6820    .ARM.Collect$$libinit$$00000001  c_w.l(libinit2.o)
    0x08000258   0x08000258   0x00000000   Code   RO         6823    .ARM.Collect$$libinit$$00000004  c_w.l(libinit2.o)
    0x08000258   0x08000258   0x00000000   Code   RO         6826    .ARM.Collect$$libinit$$0000000A  c_w.l(libinit2.o)
    0x08000258   0x08000258   0x00000000   Code   RO         6828    .ARM.Collect$$libinit$$0000000C  c_w.l(libinit2.o)
    0x08000258   0x08000258   0x00000000   Code   RO         6830    .ARM.Collect$$libinit$$0000000E  c_w.l(libinit2.o)
    0x08000258   0x08000258   0x00000006   Code   RO         6831    .ARM.Collect$$libinit$$0000000F  c_w.l(libinit2.o)
    0x0800025e   0x0800025e   0x00000000   Code   RO         6833    .ARM.Collect$$libinit$$00000011  c_w.l(libinit2.o)
    0x0800025e   0x0800025e   0x0000000c   Code   RO         6834    .ARM.Collect$$libinit$$00000012  c_w.l(libinit2.o)
    0x0800026a   0x0800026a   0x00000000   Code   RO         6835    .ARM.Collect$$libinit$$00000013  c_w.l(libinit2.o)
    0x0800026a   0x0800026a   0x00000000   Code   RO         6837    .ARM.Collect$$libinit$$00000015  c_w.l(libinit2.o)
    0x0800026a   0x0800026a   0x0000000a   Code   RO         6838    .ARM.Collect$$libinit$$00000016  c_w.l(libinit2.o)
    0x08000274   0x08000274   0x00000000   Code   RO         6839    .ARM.Collect$$libinit$$00000017  c_w.l(libinit2.o)
    0x08000274   0x08000274   0x00000000   Code   RO         6841    .ARM.Collect$$libinit$$00000019  c_w.l(libinit2.o)
    0x08000274   0x08000274   0x00000000   Code   RO         6843    .ARM.Collect$$libinit$$0000001B  c_w.l(libinit2.o)
    0x08000274   0x08000274   0x00000000   Code   RO         6845    .ARM.Collect$$libinit$$0000001D  c_w.l(libinit2.o)
    0x08000274   0x08000274   0x00000000   Code   RO         6847    .ARM.Collect$$libinit$$0000001F  c_w.l(libinit2.o)
    0x08000274   0x08000274   0x00000000   Code   RO         6849    .ARM.Collect$$libinit$$00000021  c_w.l(libinit2.o)
    0x08000274   0x08000274   0x00000000   Code   RO         6851    .ARM.Collect$$libinit$$00000023  c_w.l(libinit2.o)
    0x08000274   0x08000274   0x00000000   Code   RO         6853    .ARM.Collect$$libinit$$00000025  c_w.l(libinit2.o)
    0x08000274   0x08000274   0x00000000   Code   RO         6857    .ARM.Collect$$libinit$$0000002C  c_w.l(libinit2.o)
    0x08000274   0x08000274   0x00000000   Code   RO         6859    .ARM.Collect$$libinit$$0000002E  c_w.l(libinit2.o)
    0x08000274   0x08000274   0x00000000   Code   RO         6861    .ARM.Collect$$libinit$$00000030  c_w.l(libinit2.o)
    0x08000274   0x08000274   0x00000000   Code   RO         6863    .ARM.Collect$$libinit$$00000032  c_w.l(libinit2.o)
    0x08000274   0x08000274   0x00000002   Code   RO         6864    .ARM.Collect$$libinit$$00000033  c_w.l(libinit2.o)
    0x08000276   0x08000276   0x00000002   Code   RO         7125    .ARM.Collect$$libshutdown$$00000000  c_w.l(libshutdown.o)
    0x08000278   0x08000278   0x00000000   Code   RO         7055    .ARM.Collect$$libshutdown$$00000002  c_w.l(libshutdown2.o)
    0x08000278   0x08000278   0x00000000   Code   RO         7057    .ARM.Collect$$libshutdown$$00000004  c_w.l(libshutdown2.o)
    0x08000278   0x08000278   0x00000000   Code   RO         7059    .ARM.Collect$$libshutdown$$00000006  c_w.l(libshutdown2.o)
    0x08000278   0x08000278   0x00000000   Code   RO         7062    .ARM.Collect$$libshutdown$$00000009  c_w.l(libshutdown2.o)
    0x08000278   0x08000278   0x00000000   Code   RO         7065    .ARM.Collect$$libshutdown$$0000000C  c_w.l(libshutdown2.o)
    0x08000278   0x08000278   0x00000000   Code   RO         7067    .ARM.Collect$$libshutdown$$0000000E  c_w.l(libshutdown2.o)
    0x08000278   0x08000278   0x00000000   Code   RO         7070    .ARM.Collect$$libshutdown$$00000011  c_w.l(libshutdown2.o)
    0x08000278   0x08000278   0x00000002   Code   RO         7071    .ARM.Collect$$libshutdown$$00000012  c_w.l(libshutdown2.o)
    0x0800027a   0x0800027a   0x00000000   Code   RO         6768    .ARM.Collect$$rtentry$$00000000  c_w.l(__rtentry.o)
    0x0800027a   0x0800027a   0x00000000   Code   RO         6894    .ARM.Collect$$rtentry$$00000002  c_w.l(__rtentry2.o)
    0x0800027a   0x0800027a   0x00000006   Code   RO         6906    .ARM.Collect$$rtentry$$00000004  c_w.l(__rtentry4.o)
    0x08000280   0x08000280   0x00000000   Code   RO         6896    .ARM.Collect$$rtentry$$00000009  c_w.l(__rtentry2.o)
    0x08000280   0x08000280   0x00000004   Code   RO         6897    .ARM.Collect$$rtentry$$0000000A  c_w.l(__rtentry2.o)
    0x08000284   0x08000284   0x00000000   Code   RO         6899    .ARM.Collect$$rtentry$$0000000C  c_w.l(__rtentry2.o)
    0x08000284   0x08000284   0x00000008   Code   RO         6900    .ARM.Collect$$rtentry$$0000000D  c_w.l(__rtentry2.o)
    0x0800028c   0x0800028c   0x00000002   Code   RO         7038    .ARM.Collect$$rtexit$$00000000  c_w.l(rtexit.o)
    0x0800028e   0x0800028e   0x00000000   Code   RO         7085    .ARM.Collect$$rtexit$$00000002  c_w.l(rtexit2.o)
    0x0800028e   0x0800028e   0x00000004   Code   RO         7086    .ARM.Collect$$rtexit$$00000003  c_w.l(rtexit2.o)
    0x08000292   0x08000292   0x00000006   Code   RO         7087    .ARM.Collect$$rtexit$$00000004  c_w.l(rtexit2.o)
    0x08000298   0x08000298   0x00000040   Code   RO            4    .text               startup_stm32f40_41xxx.o
    0x080002d8   0x080002d8   0x00000002   Code   RO         6614    .text               c_w.l(use_no_semi_2.o)
    0x080002da   0x080002da   0x00000048   Code   RO         6684    .text               c_w.l(llsdiv.o)
    0x08000322   0x08000322   0x00000002   PAD
    0x08000324   0x08000324   0x00000018   Code   RO         6688    .text               c_w.l(noretval__2printf.o)
    0x0800033c   0x0800033c   0x00000052   Code   RO         6692    .text               c_w.l(_printf_str.o)
    0x0800038e   0x0800038e   0x00000002   PAD
    0x08000390   0x08000390   0x00000078   Code   RO         6694    .text               c_w.l(_printf_dec.o)
    0x08000408   0x08000408   0x0000010e   Code   RO         6704    .text               c_w.l(__printf_wp.o)
    0x08000516   0x08000516   0x00000070   Code   RO         6720    .text               c_w.l(strtol.o)
    0x08000586   0x08000586   0x00000014   Code   RO         6722    .text               c_w.l(strchr.o)
    0x0800059a   0x0800059a   0x00000058   Code   RO         6724    .text               c_w.l(memcmp.o)
    0x080005f2   0x080005f2   0x0000008a   Code   RO         6726    .text               c_w.l(rt_memcpy_v6.o)
    0x0800067c   0x0800067c   0x00000064   Code   RO         6728    .text               c_w.l(rt_memcpy_w.o)
    0x080006e0   0x080006e0   0x0000004e   Code   RO         6730    .text               c_w.l(rt_memclr_w.o)
    0x0800072e   0x0800072e   0x00000006   Code   RO         6732    .text               c_w.l(heapauxi.o)
    0x08000734   0x08000734   0x00000002   Code   RO         6764    .text               c_w.l(use_no_semi.o)
    0x08000736   0x08000736   0x00000002   PAD
    0x08000738   0x08000738   0x00000010   Code   RO         6769    .text               c_w.l(rt_ctype_table.o)
    0x08000748   0x08000748   0x00000008   Code   RO         6779    .text               c_w.l(rt_errno_addr_intlibspace.o)
    0x08000750   0x08000750   0x000000ee   Code   RO         6801    .text               c_w.l(lludivv7m.o)
    0x0800083e   0x0800083e   0x00000016   Code   RO         6803    .text               c_w.l(_rserrno.o)
    0x08000854   0x08000854   0x000000b2   Code   RO         6805    .text               c_w.l(_printf_intcommon.o)
    0x08000906   0x08000906   0x0000041e   Code   RO         6807    .text               c_w.l(_printf_fp_dec.o)
    0x08000d24   0x08000d24   0x0000002c   Code   RO         6809    .text               c_w.l(_printf_char.o)
    0x08000d50   0x08000d50   0x00000024   Code   RO         6811    .text               c_w.l(_printf_char_file.o)
    0x08000d74   0x08000d74   0x0000009e   Code   RO         6814    .text               c_w.l(_strtoul.o)
    0x08000e12   0x08000e12   0x0000001a   Code   RO         6816    .text               c_w.l(strtof.o)
    0x08000e2c   0x08000e2c   0x00000008   Code   RO         6890    .text               c_w.l(libspace.o)
    0x08000e34   0x08000e34   0x00000008   Code   RO         6915    .text               c_w.l(rt_locale_intlibspace.o)
    0x08000e3c   0x08000e3c   0x0000008a   Code   RO         6925    .text               c_w.l(lludiv10.o)
    0x08000ec6   0x08000ec6   0x00000002   PAD
    0x08000ec8   0x08000ec8   0x00000030   Code   RO         6927    .text               c_w.l(_printf_char_common.o)
    0x08000ef8   0x08000ef8   0x00000080   Code   RO         6929    .text               c_w.l(_printf_fp_infnan.o)
    0x08000f78   0x08000f78   0x0000001c   Code   RO         6931    .text               c_w.l(_chval.o)
    0x08000f94   0x08000f94   0x000000a4   Code   RO         6933    .text               c_w.l(strtod.o)
    0x08001038   0x08001038   0x000000e4   Code   RO         6935    .text               c_w.l(bigflt0.o)
    0x0800111c   0x0800111c   0x00000008   Code   RO         6960    .text               c_w.l(ferror.o)
    0x08001124   0x08001124   0x0000004a   Code   RO         6992    .text               c_w.l(sys_stackheap_outer.o)
    0x0800116e   0x0800116e   0x00000012   Code   RO         7000    .text               c_w.l(isspace.o)
    0x08001180   0x08001180   0x00000040   Code   RO         7004    .text               c_w.l(_sgetc.o)
    0x080011c0   0x080011c0   0x00000012   Code   RO         7006    .text               c_w.l(exit.o)
    0x080011d2   0x080011d2   0x00000002   PAD
    0x080011d4   0x080011d4   0x00000080   Code   RO         7012    .text               c_w.l(strcmpv7m.o)
    0x08001254   0x08001254   0x000004f8   Code   RO         7044    .text               c_w.l(scanf_fp.o)
    0x0800174c   0x0800174c   0x00000320   Code   RO         7105    .text               c_w.l(scanf_hexfp.o)
    0x08001a6c   0x08001a6c   0x00000134   Code   RO         7107    .text               c_w.l(scanf_infnan.o)
    0x08001ba0   0x08001ba0   0x00000026   Code   RO         7126    .text               c_w.l(llshl.o)
    0x08001bc6   0x08001bc6   0x0000033c   Code   RO         6598    .text.st_sssa8_ch_nn_mat_mult_kernel_opt  NetworkRuntime1020_CM4_Keil.lib(st_sssa8_ch_nn_mat_mult_kernel_opt.o)
    0x08001f02   0x08001f02   0x0000003e   Code   RO         6938    CL$$btod_d2e        c_w.l(btod.o)
    0x08001f40   0x08001f40   0x00000046   Code   RO         6940    CL$$btod_d2e_denorm_low  c_w.l(btod.o)
    0x08001f86   0x08001f86   0x00000060   Code   RO         6939    CL$$btod_d2e_norm_op1  c_w.l(btod.o)
    0x08001fe6   0x08001fe6   0x00000338   Code   RO         6948    CL$$btod_div_common  c_w.l(btod.o)
    0x0800231e   0x0800231e   0x00000002   PAD
    0x08002320   0x08002320   0x00000084   Code   RO         6946    CL$$btod_e2d        c_w.l(btod.o)
    0x080023a4   0x080023a4   0x000000dc   Code   RO         6945    CL$$btod_e2e        c_w.l(btod.o)
    0x08002480   0x08002480   0x0000002a   Code   RO         6942    CL$$btod_ediv       c_w.l(btod.o)
    0x080024aa   0x080024aa   0x0000002a   Code   RO         6944    CL$$btod_edivd      c_w.l(btod.o)
    0x080024d4   0x080024d4   0x0000002a   Code   RO         6941    CL$$btod_emul       c_w.l(btod.o)
    0x080024fe   0x080024fe   0x0000002a   Code   RO         6943    CL$$btod_emuld      c_w.l(btod.o)
    0x08002528   0x08002528   0x00000244   Code   RO         6947    CL$$btod_mult_common  c_w.l(btod.o)
    0x0800276c   0x0800276c   0x00000004   Code   RO         5014    i.BusFault_Handler  stm32f4xx_it.o
    0x08002770   0x08002770   0x00000002   Code   RO         5015    i.DebugMon_Handler  stm32f4xx_it.o
    0x08002772   0x08002772   0x00000090   Code   RO         1877    i.GPIO_Init         stm32f4xx_gpio.o
    0x08002802   0x08002802   0x00000046   Code   RO         1878    i.GPIO_PinAFConfig  stm32f4xx_gpio.o
    0x08002848   0x08002848   0x00000004   Code   RO         5016    i.HardFault_Handler  stm32f4xx_it.o
    0x0800284c   0x0800284c   0x00000004   Code   RO         5017    i.MemManage_Handler  stm32f4xx_it.o
    0x08002850   0x08002850   0x00000002   Code   RO         5018    i.NMI_Handler       stm32f4xx_it.o
    0x08002852   0x08002852   0x00000002   PAD
    0x08002854   0x08002854   0x00000078   Code   RO          150    i.NVIC_Init         misc.o
    0x080028cc   0x080028cc   0x00000014   Code   RO          151    i.NVIC_PriorityGroupConfig  misc.o
    0x080028e0   0x080028e0   0x00000002   Code   RO         5019    i.PendSV_Handler    stm32f4xx_it.o
    0x080028e2   0x080028e2   0x00000002   PAD
    0x080028e4   0x080028e4   0x00000020   Code   RO         2741    i.RCC_AHB1PeriphClockCmd  stm32f4xx_rcc.o
    0x08002904   0x08002904   0x00000020   Code   RO         2753    i.RCC_APB2PeriphClockCmd  stm32f4xx_rcc.o
    0x08002924   0x08002924   0x000000e8   Code   RO         2762    i.RCC_GetClocksFreq  stm32f4xx_rcc.o
    0x08002a0c   0x08002a0c   0x00000002   Code   RO         5020    i.SVC_Handler       stm32f4xx_it.o
    0x08002a0e   0x08002a0e   0x00000002   PAD
    0x08002a10   0x08002a10   0x000000ec   Code   RO           12    i.SetSysClock       system_stm32f4xx.o
    0x08002afc   0x08002afc   0x00000028   Code   RO          154    i.SysTick_CLKSourceConfig  misc.o
    0x08002b24   0x08002b24   0x00000002   Code   RO         5021    i.SysTick_Handler   stm32f4xx_it.o
    0x08002b26   0x08002b26   0x00000002   PAD
    0x08002b28   0x08002b28   0x00000068   Code   RO           14    i.SystemInit        system_stm32f4xx.o
    0x08002b90   0x08002b90   0x00000074   Code   RO         5085    i.USART1_IRQHandler  usart.o
    0x08002c04   0x08002c04   0x0000001e   Code   RO         4635    i.USART_ClearITPendingBit  stm32f4xx_usart.o
    0x08002c22   0x08002c22   0x00000018   Code   RO         4638    i.USART_Cmd         stm32f4xx_usart.o
    0x08002c3a   0x08002c3a   0x00000054   Code   RO         4642    i.USART_GetITStatus  stm32f4xx_usart.o
    0x08002c8e   0x08002c8e   0x0000004a   Code   RO         4644    i.USART_ITConfig    stm32f4xx_usart.o
    0x08002cd8   0x08002cd8   0x000000d4   Code   RO         4645    i.USART_Init        stm32f4xx_usart.o
    0x08002dac   0x08002dac   0x0000000a   Code   RO         4652    i.USART_ReceiveData  stm32f4xx_usart.o
    0x08002db6   0x08002db6   0x00000004   Code   RO         5022    i.UsageFault_Handler  stm32f4xx_it.o
    0x08002dba   0x08002dba   0x00000030   Code   RO         6981    i.__ARM_fpclassify  m_wm.l(fpclassify.o)
    0x08002dea   0x08002dea   0x00000026   Code   RO         6872    i.__ARM_fpclassifyf  m_wm.l(fpclassifyf.o)
    0x08002e10   0x08002e10   0x000000f8   Code   RO         6983    i.__hardfp___mathlib_tofloat  m_wm.l(narrow.o)
    0x08002f08   0x08002f08   0x000000d0   Code   RO         7128    i.__hardfp_ldexp    m_wm.l(ldexp.o)
    0x08002fd8   0x08002fd8   0x00000664   Code   RO         6744    i.__hardfp_powf     m_wm.l(powf.o)
    0x0800363c   0x0800363c   0x00000020   Code   RO         6758    i.__hardfp_strtof   m_wm.l(strtof.o)
    0x0800365c   0x0800365c   0x00000004   PAD
    0x08003660   0x08003660   0x00000020   Code   RO         7150    i.__mathlib_dbl_overflow  m_wm.l(dunder.o)
    0x08003680   0x08003680   0x00000020   Code   RO         7152    i.__mathlib_dbl_underflow  m_wm.l(dunder.o)
    0x080036a0   0x080036a0   0x00000014   Code   RO         6874    i.__mathlib_flt_divzero  m_wm.l(funder.o)
    0x080036b4   0x080036b4   0x00000006   Code   RO         6876    i.__mathlib_flt_infnan2  m_wm.l(funder.o)
    0x080036ba   0x080036ba   0x00000002   PAD
    0x080036bc   0x080036bc   0x00000010   Code   RO         6877    i.__mathlib_flt_invalid  m_wm.l(funder.o)
    0x080036cc   0x080036cc   0x00000010   Code   RO         6878    i.__mathlib_flt_overflow  m_wm.l(funder.o)
    0x080036dc   0x080036dc   0x00000010   Code   RO         6880    i.__mathlib_flt_underflow  m_wm.l(funder.o)
    0x080036ec   0x080036ec   0x00000012   Code   RO         6984    i.__mathlib_narrow  m_wm.l(narrow.o)
    0x080036fe   0x080036fe   0x00000014   Code   RO         7130    i.__support_ldexp   m_wm.l(ldexp.o)
    0x08003712   0x08003712   0x00000012   Code   RO         5824    i._ai_forward_layer  NetworkRuntime1020_CM4_Keil.lib(layers.o)
    0x08003724   0x08003724   0x000000e0   Code   RO         5479    i._ai_platform_get_io_buffers_info  NetworkRuntime1020_CM4_Keil.lib(ai_platform_interface.o)
    0x08003804   0x08003804   0x00000020   Code   RO         5744    i._get_lut_size     NetworkRuntime1020_CM4_Keil.lib(ai_datatypes_format.o)
    0x08003824   0x08003824   0x0000000e   Code   RO         6706    i._is_digit         c_w.l(__printf_wp.o)
    0x08003832   0x08003832   0x00000002   PAD
    0x08003834   0x08003834   0x00000096   Code   RO         6319    i._lite_kernel_nl_softmax_is8os8  NetworkRuntime1020_CM4_Keil.lib(lite_nl_softmax_is8os8.o)
    0x080038ca   0x080038ca   0x00000002   PAD
    0x080038cc   0x080038cc   0x000003e4   Code   RO         6320    i._lite_kernel_nl_softmax_is8os8_axis  NetworkRuntime1020_CM4_Keil.lib(lite_nl_softmax_is8os8.o)
    0x08003cb0   0x08003cb0   0x0000004e   Code   RO         6327    i._lite_kernel_nl_softmax_iu8ou8  NetworkRuntime1020_CM4_Keil.lib(lite_nl_softmax_iu8ou8.o)
    0x08003cfe   0x08003cfe   0x00000002   PAD
    0x08003d00   0x08003d00   0x000006d4   Code   RO         6328    i._lite_kernel_nl_softmax_iu8ou8_axis  NetworkRuntime1020_CM4_Keil.lib(lite_nl_softmax_iu8ou8.o)
    0x080043d4   0x080043d4   0x00000300   Code   RO         6321    i._lite_kernel_nl_softmax_precompute_exp  NetworkRuntime1020_CM4_Keil.lib(lite_nl_softmax_is8os8.o)
    0x080046d4   0x080046d4   0x0000035c   Code   RO         6322    i._lite_kernel_nl_softmax_precompute_exp_one_channel  NetworkRuntime1020_CM4_Keil.lib(lite_nl_softmax_is8os8.o)
    0x08004a30   0x08004a30   0x0000004c   Code   RO         5480    i._platform_ai_buffer_array_copy  NetworkRuntime1020_CM4_Keil.lib(ai_platform_interface.o)
    0x08004a7c   0x08004a7c   0x00000050   Code   RO         5481    i._platform_get_table_map_from_buffer  NetworkRuntime1020_CM4_Keil.lib(ai_platform_interface.o)
    0x08004acc   0x08004acc   0x00000044   Code   RO         5482    i._platform_get_table_map_from_buffer_array  NetworkRuntime1020_CM4_Keil.lib(ai_platform_interface.o)
    0x08004b10   0x08004b10   0x00000014   Code   RO         5483    i._platform_network_buffers_signature_valid  NetworkRuntime1020_CM4_Keil.lib(ai_platform_interface.o)
    0x08004b24   0x08004b24   0x00000210   Code   RO         5484    i._platform_network_io_bind  NetworkRuntime1020_CM4_Keil.lib(ai_platform_interface.o)
    0x08004d34   0x08004d34   0x0000003e   Code   RO         5485    i._platform_network_state_setup  NetworkRuntime1020_CM4_Keil.lib(ai_platform_interface.o)
    0x08004d72   0x08004d72   0x00000068   Code   RO         5486    i._platform_network_state_update_input  NetworkRuntime1020_CM4_Keil.lib(ai_platform_interface.o)
    0x08004dda   0x08004dda   0x0000007c   Code   RO         5487    i._platform_network_state_update_output  NetworkRuntime1020_CM4_Keil.lib(ai_platform_interface.o)
    0x08004e56   0x08004e56   0x00000004   Code   RO         5086    i._sys_exit         usart.o
    0x08004e5a   0x08004e5a   0x00000028   Code   RO         5749    i.ai_array_get_byte_size  NetworkRuntime1020_CM4_Keil.lib(ai_datatypes_format.o)
    0x08004e82   0x08004e82   0x0000001e   Code   RO         5750    i.ai_array_get_data_byte_size  NetworkRuntime1020_CM4_Keil.lib(ai_datatypes_format.o)
    0x08004ea0   0x08004ea0   0x0000012c   Code   RO         5752    i.ai_array_to_buffer_fmt  NetworkRuntime1020_CM4_Keil.lib(ai_datatypes_format.o)
    0x08004fcc   0x08004fcc   0x00000024   Code   RO         5465    i.ai_buffer_array_item_set_address  NetworkRuntime1020_CM4_Keil.lib(ai_platform.o)
    0x08004ff0   0x08004ff0   0x00000012   Code   RO         5466    i.ai_buffer_array_sane  NetworkRuntime1020_CM4_Keil.lib(ai_platform.o)
    0x08005002   0x08005002   0x00000002   PAD
    0x08005004   0x08005004   0x00000068   Code   RO         5468    i.ai_buffer_get_size  NetworkRuntime1020_CM4_Keil.lib(ai_platform.o)
    0x0800506c   0x0800506c   0x0000002c   Code   RO         5826    i.ai_check_custom_types  NetworkRuntime1020_CM4_Keil.lib(layers.o)
    0x08005098   0x08005098   0x0000004c   Code   RO         4921    i.ai_infer_360      main.o
    0x080050e4   0x080050e4   0x00000058   Code   RO         4922    i.ai_init           main.o
    0x0800513c   0x0800513c   0x00000050   Code   RO         5830    i.ai_layers_forward_all  NetworkRuntime1020_CM4_Keil.lib(layers.o)
    0x0800518c   0x0800518c   0x0000001e   Code   RO         5831    i.ai_layers_init_all  NetworkRuntime1020_CM4_Keil.lib(layers.o)
    0x080051aa   0x080051aa   0x00000036   Code   RO         5832    i.ai_layers_post_init_all  NetworkRuntime1020_CM4_Keil.lib(layers.o)
    0x080051e0   0x080051e0   0x00000024   Code   RO         5132    i.ai_network_create  network.o
    0x08005204   0x08005204   0x00000086   Code   RO         5133    i.ai_network_create_and_init  network.o
    0x0800528a   0x0800528a   0x00000002   PAD
    0x0800528c   0x0800528c   0x00000030   Code   RO         5396    i.ai_network_data_params_get  network_data.o
    0x080052bc   0x080052bc   0x0000000e   Code   RO         5136    i.ai_network_get_error  network.o
    0x080052ca   0x080052ca   0x0000003c   Code   RO         5139    i.ai_network_init   network.o
    0x08005306   0x08005306   0x00000002   PAD
    0x08005308   0x08005308   0x00000020   Code   RO         5140    i.ai_network_inputs_get  network.o
    0x08005328   0x08005328   0x00000020   Code   RO         5141    i.ai_network_outputs_get  network.o
    0x08005348   0x08005348   0x00000014   Code   RO         5142    i.ai_network_run    network.o
    0x0800535c   0x0800535c   0x000000ae   Code   RO         6428    i.ai_padding_opt_init  NetworkRuntime1020_CM4_Keil.lib(st_padding_opt.o)
    0x0800540a   0x0800540a   0x00000034   Code   RO         6429    i.ai_padding_opt_phase1  NetworkRuntime1020_CM4_Keil.lib(st_padding_opt.o)
    0x0800543e   0x0800543e   0x00000026   Code   RO         5932    i.ai_padding_opt_phase2  NetworkRuntime1020_CM4_Keil.lib(forward_lite_conv2d_sssa8_ch.o)
    0x08005464   0x08005464   0x0000002c   Code   RO         5491    i.ai_platform_bind_network_params  NetworkRuntime1020_CM4_Keil.lib(ai_platform_interface.o)
    0x08005490   0x08005490   0x00000014   Code   RO         5492    i.ai_platform_context_acquire  NetworkRuntime1020_CM4_Keil.lib(ai_platform_interface.o)
    0x080054a4   0x080054a4   0x0000002c   Code   RO         5494    i.ai_platform_get_activations_map  NetworkRuntime1020_CM4_Keil.lib(ai_platform_interface.o)
    0x080054d0   0x080054d0   0x00000028   Code   RO         5495    i.ai_platform_get_weights_map  NetworkRuntime1020_CM4_Keil.lib(ai_platform_interface.o)
    0x080054f8   0x080054f8   0x00000042   Code   RO         5496    i.ai_platform_inputs_get  NetworkRuntime1020_CM4_Keil.lib(ai_platform_interface.o)
    0x0800553a   0x0800553a   0x00000002   PAD
    0x0800553c   0x0800553c   0x0000009c   Code   RO         5498    i.ai_platform_network_create  NetworkRuntime1020_CM4_Keil.lib(ai_platform_interface.o)
    0x080055d8   0x080055d8   0x0000001c   Code   RO         5500    i.ai_platform_network_get_error  NetworkRuntime1020_CM4_Keil.lib(ai_platform_interface.o)
    0x080055f4   0x080055f4   0x00000118   Code   RO         5501    i.ai_platform_network_init  NetworkRuntime1020_CM4_Keil.lib(ai_platform_interface.o)
    0x0800570c   0x0800570c   0x00000050   Code   RO         5502    i.ai_platform_network_post_init  NetworkRuntime1020_CM4_Keil.lib(ai_platform_interface.o)
    0x0800575c   0x0800575c   0x00000054   Code   RO         5503    i.ai_platform_network_process  NetworkRuntime1020_CM4_Keil.lib(ai_platform_interface.o)
    0x080057b0   0x080057b0   0x0000000c   Code   RO         5504    i.ai_platform_network_set_error  NetworkRuntime1020_CM4_Keil.lib(ai_platform_interface.o)
    0x080057bc   0x080057bc   0x00000048   Code   RO         5510    i.ai_platform_outputs_get  NetworkRuntime1020_CM4_Keil.lib(ai_platform_interface.o)
    0x08005804   0x08005804   0x0000000a   Code   RO         5626    i.ai_shape_get_npixels  NetworkRuntime1020_CM4_Keil.lib(layers_conv2d_stm32_integer.o)
    0x0800580e   0x0800580e   0x0000001a   Code   RO         5555    i.ai_shape_get_size  NetworkRuntime1020_CM4_Keil.lib(core_convert.o)
    0x08005828   0x08005828   0x0000001a   Code   RO         5685    i.ai_shape_get_size  NetworkRuntime1020_CM4_Keil.lib(layers_nl_stm32_integer.o)
    0x08005842   0x08005842   0x0000000c   Code   RO         5774    i.ai_version_get    NetworkRuntime1020_CM4_Keil.lib(ai_datatypes_internal.o)
    0x0800584e   0x0800584e   0x00000002   PAD
    0x08005850   0x08005850   0x0000004c   Code   RO         5989    i.align_factor_ch   NetworkRuntime1020_CM4_Keil.lib(st_align_factor.o)
    0x0800589c   0x0800589c   0x0000000c   Code   RO         5784    i.core_get_error    NetworkRuntime1020_CM4_Keil.lib(core_common.o)
    0x080058a8   0x080058a8   0x00000004   Code   RO         5785    i.core_init         NetworkRuntime1020_CM4_Keil.lib(core_common.o)
    0x080058ac   0x080058ac   0x0000000c   Code   RO         5593    i.core_nl_get_params  NetworkRuntime1020_CM4_Keil.lib(layers_conv2d_sssa8_ch.o)
    0x080058b8   0x080058b8   0x00000012   Code   RO         5594    i.core_nl_get_params_ptr  NetworkRuntime1020_CM4_Keil.lib(layers_conv2d_sssa8_ch.o)
    0x080058ca   0x080058ca   0x0000001a   Code   RO         5786    i.core_set_error    NetworkRuntime1020_CM4_Keil.lib(core_common.o)
    0x080058e4   0x080058e4   0x0000002c   Code   RO         4884    i.delay_init        delay.o
    0x08005910   0x08005910   0x0000024a   Code   RO         5598    i.forward_conv2d_deep_sssa8_ch  NetworkRuntime1020_CM4_Keil.lib(layers_conv2d_sssa8_ch.o)
    0x08005b5a   0x08005b5a   0x00000268   Code   RO         5602    i.forward_conv2d_sssa8_ch  NetworkRuntime1020_CM4_Keil.lib(layers_conv2d_sssa8_ch.o)
    0x08005dc2   0x08005dc2   0x0000016e   Code   RO         5644    i.forward_dense_integer_SSSA_ch  NetworkRuntime1020_CM4_Keil.lib(layers_conv2d_stm32_integer.o)
    0x08005f30   0x08005f30   0x00000156   Code   RO         5934    i.forward_lite_conv2d_deep_sssa8_ch  NetworkRuntime1020_CM4_Keil.lib(forward_lite_conv2d_sssa8_ch.o)
    0x08006086   0x08006086   0x00000002   PAD
    0x08006088   0x08006088   0x000006be   Code   RO         5937    i.forward_lite_conv2d_sssa8_ch  NetworkRuntime1020_CM4_Keil.lib(forward_lite_conv2d_sssa8_ch.o)
    0x08006746   0x08006746   0x0000005e   Code   RO         5900    i.forward_lite_dense_is8os8ws8_ch  NetworkRuntime1020_CM4_Keil.lib(forward_lite_dense_is8os8ws8_ch.o)
    0x080067a4   0x080067a4   0x0000013c   Code   RO         5958    i.forward_lite_maxpool_is8os8_scaleneg  NetworkRuntime1020_CM4_Keil.lib(forward_lite_maxpool_is8os8.o)
    0x080068e0   0x080068e0   0x00000140   Code   RO         5916    i.forward_lite_maxpool_is8os8_scalepos  NetworkRuntime1020_CM4_Keil.lib(forward_lite_maxpool_is8os8_scalepos.o)
    0x08006a20   0x08006a20   0x0000002c   Code   RO         5981    i.forward_lite_nl_softmax_is8os8  NetworkRuntime1020_CM4_Keil.lib(lite_nl_generic_integer.o)
    0x08006a4c   0x08006a4c   0x0000002c   Code   RO         5982    i.forward_lite_nl_softmax_iu8ou8  NetworkRuntime1020_CM4_Keil.lib(lite_nl_generic_integer.o)
    0x08006a78   0x08006a78   0x00000004   Code   RO         5855    i.forward_lite_node_convert_integer_if32os8  NetworkRuntime1020_CM4_Keil.lib(forward_lite_convert.o)
    0x08006a7c   0x08006a7c   0x00000004   Code   RO         5856    i.forward_lite_node_convert_integer_if32ou8  NetworkRuntime1020_CM4_Keil.lib(forward_lite_convert.o)
    0x08006a80   0x08006a80   0x00000004   Code   RO         5857    i.forward_lite_node_convert_integer_is8of32  NetworkRuntime1020_CM4_Keil.lib(forward_lite_convert.o)
    0x08006a84   0x08006a84   0x00000004   Code   RO         5861    i.forward_lite_node_convert_integer_iu8of32  NetworkRuntime1020_CM4_Keil.lib(forward_lite_convert.o)
    0x08006a88   0x08006a88   0x000000aa   Code   RO         5718    i.forward_mp_integer_INT8  NetworkRuntime1020_CM4_Keil.lib(layers_pool_stm32_integer.o)
    0x08006b32   0x08006b32   0x00000002   PAD
    0x08006b34   0x08006b34   0x000000d8   Code   RO         5690    i.forward_sm_integer  NetworkRuntime1020_CM4_Keil.lib(layers_nl_stm32_integer.o)
    0x08006c0c   0x08006c0c   0x0000001c   Code   RO         5087    i.fputc             usart.o
    0x08006c28   0x08006c28   0x0000008c   Code   RO         7034    i.frexp             m_wm.l(frexp.o)
    0x08006cb4   0x08006cb4   0x00000028   Code   RO         5775    i.get_tensor_byte_size  NetworkRuntime1020_CM4_Keil.lib(ai_datatypes_internal.o)
    0x08006cdc   0x08006cdc   0x0000005c   Code   RO         6335    i.lite_convert_if32os8  NetworkRuntime1020_CM4_Keil.lib(lite_convert_kernel.o)
    0x08006d38   0x08006d38   0x0000003c   Code   RO         6337    i.lite_convert_if32ou8  NetworkRuntime1020_CM4_Keil.lib(lite_convert_kernel.o)
    0x08006d74   0x08006d74   0x00000026   Code   RO         6340    i.lite_convert_is8of32  NetworkRuntime1020_CM4_Keil.lib(lite_convert_kernel.o)
    0x08006d9a   0x08006d9a   0x00000002   PAD
    0x08006d9c   0x08006d9c   0x00000026   Code   RO         6345    i.lite_convert_iu8of32  NetworkRuntime1020_CM4_Keil.lib(lite_convert_kernel.o)
    0x08006dc2   0x08006dc2   0x00000002   PAD
    0x08006dc4   0x08006dc4   0x000002d8   Code   RO         4923    i.main              main.o
    0x0800709c   0x0800709c   0x000001ac   Code   RO         5143    i.network_configure_activations  network.o
    0x08007248   0x08007248   0x00000158   Code   RO         5144    i.network_configure_weights  network.o
    0x080073a0   0x080073a0   0x000001ca   Code   RO         5557    i.node_convert      NetworkRuntime1020_CM4_Keil.lib(core_convert.o)
    0x0800756a   0x0800756a   0x0000005a   Code   RO         4924    i.parse_csv_floats  main.o
    0x080075c4   0x080075c4   0x000000f4   Code   RO         4925    i.parse_csv_ints_norm01  main.o
    0x080076b8   0x080076b8   0x000000d0   Code   RO         5724    i.pool_func_mp_array_integer_INT8  NetworkRuntime1020_CM4_Keil.lib(layers_pool_stm32_integer.o)
    0x08007788   0x08007788   0x00000114   Code   RO         6020    i.st_f32_to_int16   NetworkRuntime1020_CM4_Keil.lib(st_f32_to_int16.o)
    0x0800789c   0x0800789c   0x00000120   Code   RO         6028    i.st_f32_to_int8    NetworkRuntime1020_CM4_Keil.lib(st_f32_to_int8.o)
    0x080079bc   0x080079bc   0x00000038   Code   RO         6452    i.st_int16_fill     NetworkRuntime1020_CM4_Keil.lib(st_int16_fill.o)
    0x080079f4   0x080079f4   0x0000008c   Code   RO         6036    i.st_int16_to_f32   NetworkRuntime1020_CM4_Keil.lib(st_int16_to_f32.o)
    0x08007a80   0x08007a80   0x00000090   Code   RO         6262    i.st_int8_copy      NetworkRuntime1020_CM4_Keil.lib(st_int8_fill.o)
    0x08007b10   0x08007b10   0x00000052   Code   RO         6602    i.st_int8_reordered_no_shift_zero  NetworkRuntime1020_CM4_Keil.lib(st_int8_reordered_no_shift.o)
    0x08007b62   0x08007b62   0x00000002   PAD
    0x08007b64   0x08007b64   0x0000025e   Code   RO         6412    i.st_int8_to16_dual  NetworkRuntime1020_CM4_Keil.lib(st_int8_to16_no_shift.o)
    0x08007dc2   0x08007dc2   0x00000002   PAD
    0x08007dc4   0x08007dc4   0x000001ea   Code   RO         6413    i.st_int8_to16_dual_interleaved  NetworkRuntime1020_CM4_Keil.lib(st_int8_to16_no_shift.o)
    0x08007fae   0x08007fae   0x00000002   PAD
    0x08007fb0   0x08007fb0   0x00000108   Code   RO         6414    i.st_int8_to16_no_shift  NetworkRuntime1020_CM4_Keil.lib(st_int8_to16_no_shift.o)
    0x080080b8   0x080080b8   0x000000c0   Code   RO         6415    i.st_int8_to16_no_shift_interleaved  NetworkRuntime1020_CM4_Keil.lib(st_int8_to16_no_shift.o)
    0x08008178   0x08008178   0x0000008c   Code   RO         6288    i.st_int8_to_f32    NetworkRuntime1020_CM4_Keil.lib(st_int8_to_f32.o)
    0x08008204   0x08008204   0x00000044   Code   RO         6502    i.st_sssa8_ch_1_output_mgt  NetworkRuntime1020_CM4_Keil.lib(st_sssa8_ch_nn_mat_mult_nt_t.o)
    0x08008248   0x08008248   0x0000007e   Code   RO         6503    i.st_sssa8_ch_2_output_mgt  NetworkRuntime1020_CM4_Keil.lib(st_sssa8_ch_nn_mat_mult_nt_t.o)
    0x080082c6   0x080082c6   0x00000002   PAD
    0x080082c8   0x080082c8   0x000000a4   Code   RO         6460    i.st_sssa8_ch_convolve_rank1upd  NetworkRuntime1020_CM4_Keil.lib(st_sssa8_ch_convolve.o)
    0x0800836c   0x0800836c   0x00000056   Code   RO         6504    i.st_sssa8_ch_fullW_prefetch  NetworkRuntime1020_CM4_Keil.lib(st_sssa8_ch_nn_mat_mult_nt_t.o)
    0x080083c2   0x080083c2   0x00000002   PAD
    0x080083c4   0x080083c4   0x000003f8   Code   RO         6468    i.st_sssa8_ch_fully_connected  NetworkRuntime1020_CM4_Keil.lib(st_sssa8_ch_dense.o)
    0x080087bc   0x080087bc   0x000009e4   Code   RO         6485    i.st_sssa8_ch_nn_mat_mult_conv2d_nt_t  NetworkRuntime1020_CM4_Keil.lib(st_sssa8_ch_nn_mat_mult_conv2d_nt_t.o)
    0x080091a0   0x080091a0   0x00000270   Code   RO         6494    i.st_sssa8_ch_nn_mat_mult_kernel_single_opt  NetworkRuntime1020_CM4_Keil.lib(st_sssa8_ch_nn_mat_mult_kernel_single_opt.o)
    0x08009410   0x08009410   0x000000ac   Code   RO         5088    i.uart_init         usart.o
    0x080094bc   0x080094bc   0x0000004c   Code   RO         4926    i.uart_read_line    main.o
    0x08009508   0x08009508   0x00000190   Code   RO         6505    i.weights_2channels_prefetch  NetworkRuntime1020_CM4_Keil.lib(st_sssa8_ch_nn_mat_mult_nt_t.o)
    0x08009698   0x08009698   0x00000084   Code   RO         6506    i.weights_offset_contribution_calc  NetworkRuntime1020_CM4_Keil.lib(st_sssa8_ch_nn_mat_mult_nt_t.o)
    0x0800971c   0x0800971c   0x0000002c   Code   RO         6965    locale$$code        c_w.l(lc_ctype_c.o)
    0x08009748   0x08009748   0x0000002c   Code   RO         6968    locale$$code        c_w.l(lc_numeric_c.o)
    0x08009774   0x08009774   0x00000062   Code   RO         7024    x$fpl$d2f           fz_wm.l(d2f.o)
    0x080097d6   0x080097d6   0x00000002   PAD
    0x080097d8   0x080097d8   0x00000010   Code   RO         7167    x$fpl$dcheck1       fz_wm.l(dcheck1.o)
    0x080097e8   0x080097e8   0x00000018   Code   RO         7072    x$fpl$dcmpinf       fz_wm.l(dcmpi.o)
    0x08009800   0x08009800   0x00000078   Code   RO         7026    x$fpl$deqf          fz_wm.l(deqf.o)
    0x08009878   0x08009878   0x00000078   Code   RO         7074    x$fpl$dleqf         fz_wm.l(dleqf.o)
    0x080098f0   0x080098f0   0x00000154   Code   RO         7076    x$fpl$dmul          fz_wm.l(dmul.o)
    0x08009a44   0x08009a44   0x0000009c   Code   RO         7078    x$fpl$dnaninf       fz_wm.l(dnaninf.o)
    0x08009ae0   0x08009ae0   0x0000000c   Code   RO         6865    x$fpl$dretinf       fz_wm.l(dretinf.o)
    0x08009aec   0x08009aec   0x0000006c   Code   RO         7028    x$fpl$drleqf        fz_wm.l(drleqf.o)
    0x08009b58   0x08009b58   0x00000056   Code   RO         6736    x$fpl$f2d           fz_wm.l(f2d.o)
    0x08009bae   0x08009bae   0x0000008c   Code   RO         6867    x$fpl$fnaninf       fz_wm.l(fnaninf.o)
    0x08009c3a   0x08009c3a   0x0000000a   Code   RO         6979    x$fpl$fpinit        fz_wm.l(fpinit.o)
    0x08009c44   0x08009c44   0x0000000a   Code   RO         7080    x$fpl$fretinf       fz_wm.l(fretinf.o)
    0x08009c4e   0x08009c4e   0x00000006   Code   RO         6869    x$fpl$ieeestatus    fz_wm.l(istatus.o)
    0x08009c54   0x08009c54   0x00000004   Code   RO         6742    x$fpl$printf1       fz_wm.l(printf1.o)
    0x08009c58   0x08009c58   0x00000064   Code   RO         7173    x$fpl$retnan        fz_wm.l(retnan.o)
    0x08009cbc   0x08009cbc   0x0000005c   Code   RO         7144    x$fpl$scalbn        fz_wm.l(scalbn.o)
    0x08009d18   0x08009d18   0x00000004   Code   RO         7030    x$fpl$scanf1        fz_wm.l(scanf1.o)
    0x08009d1c   0x08009d1c   0x00000008   Code   RO         7099    x$fpl$scanf2        fz_wm.l(scanf2.o)
    0x08009d24   0x08009d24   0x00000030   Code   RO         7175    x$fpl$trapveneer    fz_wm.l(trapv.o)
    0x08009d54   0x08009d54   0x00000000   Code   RO         6871    x$fpl$usenofp       fz_wm.l(usenofp.o)
    0x08009d54   0x08009d54   0x00000004   PAD
    0x08009d58   0x08009d58   0x00000418   Data   RO         5146    .constdata          network.o
    0x0800a170   0x0800a170   0x00000068   Data   RO         5399    .constdata          network_data.o
    0x0800a1d8   0x0800a1d8   0x00000008   PAD
    0x0800a1e0   0x0800a1e0   0x00016800   Data   RO         5446    .constdata          network_data_params.o
    0x080209e0   0x080209e0   0x00000068   Data   RO         5513    .constdata          NetworkRuntime1020_CM4_Keil.lib(ai_platform_interface.o)
    0x08020a48   0x08020a48   0x00000140   Data   RO         6747    .constdata          m_wm.l(powf.o)
    0x08020b88   0x08020b88   0x00000094   Data   RO         6936    .constdata          c_w.l(bigflt0.o)
    0x08020c1c   0x08020c1c   0x00000044   Data   RO         4928    .conststring        main.o
    0x08020c60   0x08020c60   0x00000061   Data   RO         5147    .conststring        network.o
    0x08020cc1   0x08020cc1   0x00000003   PAD
    0x08020cc4   0x08020cc4   0x00000020   Data   RO         7177    Region$$Table       anon$$obj.o
    0x08020ce4   0x08020ce4   0x00000008   Data   RO         7095    c$$dinf             fz_wm.l(fpconst.o)
    0x08020cec   0x08020cec   0x00000008   Data   RO         7098    c$$dmax             fz_wm.l(fpconst.o)
    0x08020cf4   0x08020cf4   0x00000110   Data   RO         6964    locale$$data        c_w.l(lc_ctype_c.o)
    0x08020e04   0x08020e04   0x0000001c   Data   RO         6967    locale$$data        c_w.l(lc_numeric_c.o)


    Execution Region RW_IRAM1 (Exec base: 0x20000000, Load base: 0x08020e20, Size: 0x000076e8, Max: 0x00020000, ABSOLUTE, COMPRESSED[0x000004b0])

    Exec Addr    Load Addr    Size         Type   Attr      Idx    E Section Name        Object

    0x20000000   COMPRESSED   0x00000010   Data   RW         2794    .data               stm32f4xx_rcc.o
    0x20000010   COMPRESSED   0x00000008   Data   RW         4887    .data               delay.o
    0x20000018   COMPRESSED   0x00000014   Data   RW         4929    .data               main.o
    0x2000002c   COMPRESSED   0x00000006   Data   RW         5090    .data               usart.o
    0x20000032   COMPRESSED   0x00000002   PAD
    0x20000034   COMPRESSED   0x00000c2c   Data   RW         5148    .data               network.o
    0x20000c60   COMPRESSED   0x00000058   Data   RW         5400    .data               network_data.o
    0x20000cb8   COMPRESSED   0x00000008   PAD
    0x20000cc0        -       0x0000532c   Zero   RW         4927    .bss                main.o
    0x20005fec        -       0x00001000   Zero   RW         5089    .bss                usart.o
    0x20006fec        -       0x00000098   Zero   RW         5145    .bss                network.o
    0x20007084        -       0x00000060   Zero   RW         6891    .bss                c_w.l(libspace.o)
    0x200070e4   COMPRESSED   0x00000004   PAD
    0x200070e8        -       0x00000200   Zero   RW            2    HEAP                startup_stm32f40_41xxx.o
    0x200072e8        -       0x00000400   Zero   RW            1    STACK               startup_stm32f40_41xxx.o


==============================================================================

Image component sizes


      Code (inc. data)   RO Data    RW Data    ZI Data      Debug   Object Name

        44         10          0          8          0        689   delay.o
      1302        366         68         20      21292      20395   main.o
       180         24          0          0          0       2073   misc.o
      1100        130       1145       3116        152      55784   network.o
        48          6        104         88          0      15809   network_data.o
         0          0      92160          0          0      15178   network_data_params.o
        64         26        392          0       1536        896   startup_stm32f40_41xxx.o
       214          0          0          0          0       1767   stm32f4xx_gpio.o
        26          0          0          0          0       4250   stm32f4xx_it.o
       296         30          0         16          0       4022   stm32f4xx_rcc.o
       434          8          0          0          0       4924   stm32f4xx_usart.o
       340         32          0          0          0     263473   system_stm32f4xx.o
       320         28          0          6       4096       4140   usart.o

    ----------------------------------------------------------------------
      4380        660      93912       3256      27084     393400   Object Totals
         0          0         32          0          0          0   (incl. Generated)
        12          0         11          2          8          0   (incl. Padding)

    ----------------------------------------------------------------------

      Code (inc. data)   RO Data    RW Data    ZI Data      Debug   Library Member Name

       402         52          0          0          0        488   ai_datatypes_format.o
        52          6          0          0          0        232   ai_datatypes_internal.o
       158          8          0          0          0        368   ai_platform.o
      2212         76        104          0          0       2764   ai_platform_interface.o
        42          0          0          0          0        348   core_common.o
       484          0          0          0          0        320   core_convert.o
      2106          0          0          0          0        416   forward_lite_conv2d_sssa8_ch.o
        16          0          0          0          0        464   forward_lite_convert.o
        94          0          0          0          0        148   forward_lite_dense_is8os8ws8_ch.o
       316          4          0          0          0        148   forward_lite_maxpool_is8os8.o
       320          4          0          0          0        148   forward_lite_maxpool_is8os8_scalepos.o
       226          6          0          0          0        628   layers.o
      1232          0          0          0          0        552   layers_conv2d_sssa8_ch.o
       376          0          0          0          0        260   layers_conv2d_stm32_integer.o
       242          6          0          0          0        256   layers_nl_stm32_integer.o
       378          0          0          0          0        292   layers_pool_stm32_integer.o
       228          4          0          0          0        504   lite_convert_kernel.o
        88          0          0          0          0        272   lite_nl_generic_integer.o
      2774         90          0          0          0        588   lite_nl_softmax_is8os8.o
      1826         48          0          0          0        288   lite_nl_softmax_iu8ou8.o
        76          0          0          0          0        132   st_align_factor.o
       276          4          0          0          0        124   st_f32_to_int16.o
       288          6          0          0          0        124   st_f32_to_int8.o
        56          0          0          0          0        128   st_int16_fill.o
       140          4          0          0          0        124   st_int16_to_f32.o
       144          0          0          0          0        132   st_int8_fill.o
        82          0          0          0          0        132   st_int8_reordered_no_shift.o
      1552          0          0          0          0        544   st_int8_to16_no_shift.o
       140          4          0          0          0        124   st_int8_to_f32.o
       226          0          0          0          0        248   st_padding_opt.o
       164          0          0          0          0        140   st_sssa8_ch_convolve.o
      1016          0          0          0          0        148   st_sssa8_ch_dense.o
      2532          0          0          0          0        148   st_sssa8_ch_nn_mat_mult_conv2d_nt_t.o
       828          0          0          0          0          0   st_sssa8_ch_nn_mat_mult_kernel_opt.o
       624          0          0          0          0        148   st_sssa8_ch_nn_mat_mult_kernel_single_opt.o
       812          0          0          0          0        672   st_sssa8_ch_nn_mat_mult_nt_t.o
        90          0          0          0          0          0   __dczerorl2.o
         8          0          0          0          0         68   __main.o
       284          0          0          0          0        156   __printf_wp.o
         0          0          0          0          0          0   __rtentry.o
        12          0          0          0          0          0   __rtentry2.o
         6          0          0          0          0          0   __rtentry4.o
        52          8          0          0          0          0   __scatter.o
        28          0          0          0          0          0   __scatter_zi.o
        28          0          0          0          0         68   _chval.o
        44          0          0          0          0        108   _printf_char.o
        48          6          0          0          0         96   _printf_char_common.o
        36          4          0          0          0         80   _printf_char_file.o
         6          0          0          0          0          0   _printf_d.o
       120         16          0          0          0         92   _printf_dec.o
         6          0          0          0          0          0   _printf_f.o
      1054          0          0          0          0        216   _printf_fp_dec.o
       128         16          0          0          0         84   _printf_fp_infnan.o
       178          0          0          0          0         88   _printf_intcommon.o
         0          0          0          0          0          0   _printf_percent.o
         4          0          0          0          0          0   _printf_percent_end.o
         6          0          0          0          0          0   _printf_s.o
        82          0          0          0          0         80   _printf_str.o
        22          0          0          0          0        100   _rserrno.o
        64          0          0          0          0         84   _sgetc.o
       158          0          0          0          0         92   _strtoul.o
       228          4        148          0          0         96   bigflt0.o
      2152        136          0          0          0        960   btod.o
        18          0          0          0          0         80   exit.o
         8          0          0          0          0         68   ferror.o
         6          0          0          0          0        152   heapauxi.o
        18          0          0          0          0         76   isspace.o
        44         10        272          0          0         76   lc_ctype_c.o
        44         10         28          0          0         76   lc_numeric_c.o
         2          0          0          0          0          0   libinit.o
        34          0          0          0          0          0   libinit2.o
         2          0          0          0          0          0   libshutdown.o
         2          0          0          0          0          0   libshutdown2.o
         8          4          0          0         96         68   libspace.o
        72          0          0          0          0         76   llsdiv.o
        38          0          0          0          0         68   llshl.o
       138          0          0          0          0         80   lludiv10.o
       238          0          0          0          0        100   lludivv7m.o
        88          0          0          0          0         76   memcmp.o
        24          4          0          0          0         84   noretval__2printf.o
        16          4          0          0          0         76   rt_ctype_table.o
         8          4          0          0          0         68   rt_errno_addr_intlibspace.o
         8          4          0          0          0         68   rt_locale_intlibspace.o
        78          0          0          0          0         80   rt_memclr_w.o
       138          0          0          0          0         68   rt_memcpy_v6.o
       100          0          0          0          0         80   rt_memcpy_w.o
         2          0          0          0          0          0   rtexit.o
        10          0          0          0          0          0   rtexit2.o
      1272         16          0          0          0        168   scanf_fp.o
       800         14          0          0          0        100   scanf_hexfp.o
       308         16          0          0          0        100   scanf_infnan.o
        20          0          0          0          0         68   strchr.o
       128          0          0          0          0         68   strcmpv7m.o
       164         14          0          0          0        120   strtod.o
        26          0          0          0          0         80   strtof.o
       112          0          0          0          0         88   strtol.o
        74          0          0          0          0         80   sys_stackheap_outer.o
         2          0          0          0          0         68   use_no_semi.o
         2          0          0          0          0         68   use_no_semi_2.o
        98          4          0          0          0        140   d2f.o
        16          4          0          0          0        116   dcheck1.o
        24          0          0          0          0        116   dcmpi.o
       120          4          0          0          0        140   deqf.o
       120          4          0          0          0        140   dleqf.o
       340         12          0          0          0        152   dmul.o
       156          4          0          0          0        140   dnaninf.o
        12          0          0          0          0        116   dretinf.o
       108          0          0          0          0        128   drleqf.o
        86          4          0          0          0        132   f2d.o
       140          4          0          0          0        132   fnaninf.o
         0          0         16          0          0          0   fpconst.o
        10          0          0          0          0        116   fpinit.o
        10          0          0          0          0        116   fretinf.o
         6          0          0          0          0        116   istatus.o
         4          0          0          0          0        116   printf1.o
       100          0          0          0          0        116   retnan.o
        92          0          0          0          0        116   scalbn.o
         4          0          0          0          0        116   scanf1.o
         8          0          0          0          0        132   scanf2.o
        48          0          0          0          0        116   trapv.o
         0          0          0          0          0          0   usenofp.o
        64         16          0          0          0        248   dunder.o
        48          0          0          0          0        124   fpclassify.o
        38          0          0          0          0        116   fpclassifyf.o
       140         22          0          0          0        132   frexp.o
        74         24          0          0          0        580   funder.o
       228          8          0          0          0        308   ldexp.o
       266         16          0          0          0        308   narrow.o
      1636        110        320          0          0        372   powf.o
        32          6          0          0          0        124   strtof.o

    ----------------------------------------------------------------------
     35508        860        888          0        100      22372   Library Totals
        56          6          0          0          4          0   (incl. Padding)

    ----------------------------------------------------------------------

      Code (inc. data)   RO Data    RW Data    ZI Data      Debug   Library Name

     22528        322        104          0          0      12552   NetworkRuntime1020_CM4_Keil.lib
      8896        290        448          0         96       4996   c_w.l
      1502         40         16          0          0       2512   fz_wm.l
      2526        202        320          0          0       2312   m_wm.l

    ----------------------------------------------------------------------
     35508        860        888          0        100      22372   Library Totals

    ----------------------------------------------------------------------

==============================================================================


      Code (inc. data)   RO Data    RW Data    ZI Data      Debug   

     39888       1520      94800       3256      27184     396664   Grand Totals
     39888       1520      94800       1200      27184     396664   ELF Image Totals (compressed)
     39888       1520      94800       1200          0          0   ROM Totals

==============================================================================

    Total RO  Size (Code + RO Data)               134688 ( 131.53kB)
    Total RW  Size (RW Data + ZI Data)             30440 (  29.73kB)
    Total ROM Size (Code + RO Data + RW Data)     135888 ( 132.70kB)

==============================================================================

